[2026-04-28 15:44:56] START Scripts/SpeechDataset/Read_SD_longRun.R
Registered S3 methods overwritten by 'RcppGSL':
  method               from     
  predict.fastLm       RcppEigen
  print.fastLm         RcppEigen
  summary.fastLm       RcppEigen
  print.summary.fastLm RcppEigen
 [1] "1789-Washington" "1793-Washington" "1797-Adams"      "1801-Jefferson" 
 [5] "1805-Jefferson"  "1809-Madison"    "1813-Madison"    "1817-Monroe"    
 [9] "1821-Monroe"     "1825-Adams"      "1829-Jackson"    "1833-Jackson"   
[13] "1837-VanBuren"   "1841-Harrison"   "1845-Polk"       "1849-Taylor"    
[17] "1853-Pierce"     "1857-Buchanan"   "1861-Lincoln"    "1865-Lincoln"   
[21] "1869-Grant"      "1873-Grant"      "1877-Hayes"      "1881-Garfield"  
[25] "1885-Cleveland"  "1889-Harrison"   "1893-Cleveland"  "1897-McKinley"  
[29] "1901-McKinley"   "1905-Roosevelt"  "1909-Taft"       "1913-Wilson"    
[33] "1917-Wilson"     "1921-Harding"    "1925-Coolidge"   "1929-Hoover"    
[37] "1933-Roosevelt"  "1937-Roosevelt"  "1941-Roosevelt"  "1945-Roosevelt" 
[41] "1949-Truman"     "1953-Eisenhower" "1957-Eisenhower" "1961-Kennedy"   
[45] "1965-Johnson"    "1969-Nixon"      "1973-Nixon"      "1977-Carter"    
[49] "1981-Reagan"     "1985-Reagan"     "1989-Bush"       "1993-Clinton"   
[53] "1997-Clinton"    "2001-Bush"       "2005-Bush"       "2009-Obama"     
[57] "2013-Obama"      "2017-Trump"      "2021-Biden"      "2025-Trump"     

 ---- Number of configurations to run:  3  ---- 

Found 3 fit object(s) to summarize.

[1/3] Loading cfg001_r10_delta_1e00_beta0_1em01_gamma0_1em01_sigma0_1em01.rds ...
Saved summary: cfg001_r10_delta_1e00_beta0_1em01_gamma0_1em01_sigma0_1em01_summary.rds
Size: 270 MB
Is size < 100 MB? FALSE

[2/3] Loading cfg002_r10_delta_1em03_beta0_1e00_gamma0_1em01_sigma0_1em01.rds ...
Saved summary: cfg002_r10_delta_1em03_beta0_1e00_gamma0_1em01_sigma0_1em01_summary.rds
Size: 171.98 MB
Is size < 100 MB? FALSE

[3/3] Loading cfg003_r10_delta_1em02_beta0_1e00_gamma0_1em02_sigma0_9em01.rds ...
Saved summary: cfg003_r10_delta_1em02_beta0_1e00_gamma0_1em02_sigma0_9em01_summary.rds
Size: 280.38 MB
Is size < 100 MB? FALSE

Summary size check:
                                                         fit_file
1 cfg001_r10_delta_1e00_beta0_1em01_gamma0_1em01_sigma0_1em01.rds
2 cfg002_r10_delta_1em03_beta0_1e00_gamma0_1em01_sigma0_1em01.rds
3 cfg003_r10_delta_1em02_beta0_1e00_gamma0_1em02_sigma0_9em01.rds
                                                             summary_file
1 cfg001_r10_delta_1e00_beta0_1em01_gamma0_1em01_sigma0_1em01_summary.rds
2 cfg002_r10_delta_1em03_beta0_1e00_gamma0_1em01_sigma0_1em01_summary.rds
3 cfg003_r10_delta_1em02_beta0_1e00_gamma0_1em02_sigma0_9em01_summary.rds
  size_mb less_than_100mb
1  270.00           FALSE
2  171.98           FALSE
3  280.38           FALSE
[2026-04-28 15:44:56] FINISH Scripts/SpeechDataset/Read_SD_longRun.R (exit=0)
