[2026-04-28 08:24:33] START Scripts/SpeechDataset/SpeechDataset_parallel.R
Registered S3 methods overwritten by 'RcppGSL':
  method               from     
  predict.fastLm       RcppEigen
  print.fastLm         RcppEigen
  summary.fastLm       RcppEigen
  print.summary.fastLm RcppEigen
 [1] "1789-Washington" "1793-Washington" "1797-Adams"      "1801-Jefferson" 
 [5] "1805-Jefferson"  "1809-Madison"    "1813-Madison"    "1817-Monroe"    
 [9] "1821-Monroe"     "1825-Adams"      "1829-Jackson"    "1833-Jackson"   
[13] "1837-VanBuren"   "1841-Harrison"   "1845-Polk"       "1849-Taylor"    
[17] "1853-Pierce"     "1857-Buchanan"   "1861-Lincoln"    "1865-Lincoln"   
[21] "1869-Grant"      "1873-Grant"      "1877-Hayes"      "1881-Garfield"  
[25] "1885-Cleveland"  "1889-Harrison"   "1893-Cleveland"  "1897-McKinley"  
[29] "1901-McKinley"   "1905-Roosevelt"  "1909-Taft"       "1913-Wilson"    
[33] "1917-Wilson"     "1921-Harding"    "1925-Coolidge"   "1929-Hoover"    
[37] "1933-Roosevelt"  "1937-Roosevelt"  "1941-Roosevelt"  "1945-Roosevelt" 
[41] "1949-Truman"     "1953-Eisenhower" "1957-Eisenhower" "1961-Kennedy"   
[45] "1965-Johnson"    "1969-Nixon"      "1973-Nixon"      "1977-Carter"    
[49] "1981-Reagan"     "1985-Reagan"     "1989-Bush"       "1993-Clinton"   
[53] "1997-Clinton"    "2001-Bush"       "2005-Bush"       "2009-Obama"     
[57] "2013-Obama"      "2017-Trump"      "2021-Biden"      "2025-Trump"     

 ---- Number of configurations to run:  3  ---- 
[2026-04-28 08:25:09] START whole script: SpeechDataset_parallel.R
[[1]]
NULL

[[2]]
NULL

[[3]]
NULL

[[4]]
NULL

[2026-04-28 09:35:57] END whole script: SpeechDataset_parallel.R
  delta beta0 gamma0 sigma0 config_id
1 1.000   0.1   0.10    0.1         1
2 0.001   1.0   0.10    0.1         2
3 0.010   1.0   0.01    0.9         3
                                                          tag
1 cfg001_r10_delta_1e00_beta0_1em01_gamma0_1em01_sigma0_1em01
2 cfg002_r10_delta_1em03_beta0_1e00_gamma0_1em01_sigma0_1em01
3 cfg003_r10_delta_1em02_beta0_1e00_gamma0_1em02_sigma0_9em01
                                                                                                                                   pdf_file
1 /home/colombi/DynamicFeatureAllocation/Scripts/SpeechDataset/img/parallel/cfg001_r10_delta_1e00_beta0_1em01_gamma0_1em01_sigma0_1em01.pdf
2 /home/colombi/DynamicFeatureAllocation/Scripts/SpeechDataset/img/parallel/cfg002_r10_delta_1em03_beta0_1e00_gamma0_1em01_sigma0_1em01.pdf
3 /home/colombi/DynamicFeatureAllocation/Scripts/SpeechDataset/img/parallel/cfg003_r10_delta_1em02_beta0_1e00_gamma0_1em02_sigma0_9em01.pdf
                                                                                                                           fit_file
1 /home/colombi/DynamicFeatureAllocation/Scripts/SpeechDataset/save/cfg001_r10_delta_1e00_beta0_1em01_gamma0_1em01_sigma0_1em01.rds
2 /home/colombi/DynamicFeatureAllocation/Scripts/SpeechDataset/save/cfg002_r10_delta_1em03_beta0_1e00_gamma0_1em01_sigma0_1em01.rds
3 /home/colombi/DynamicFeatureAllocation/Scripts/SpeechDataset/save/cfg003_r10_delta_1em02_beta0_1e00_gamma0_1em02_sigma0_9em01.rds
                                                                                                                                       log_file
1 /home/colombi/DynamicFeatureAllocation/Scripts/SpeechDataset/img/parallel/log/cfg001_r10_delta_1e00_beta0_1em01_gamma0_1em01_sigma0_1em01.log
2 /home/colombi/DynamicFeatureAllocation/Scripts/SpeechDataset/img/parallel/log/cfg002_r10_delta_1em03_beta0_1e00_gamma0_1em01_sigma0_1em01.log
3 /home/colombi/DynamicFeatureAllocation/Scripts/SpeechDataset/img/parallel/log/cfg003_r10_delta_1em02_beta0_1e00_gamma0_1em02_sigma0_9em01.log
   status error_message
1 success          <NA>
2 success          <NA>
3 success          <NA>
[2026-04-28 08:24:33] FINISH Scripts/SpeechDataset/SpeechDataset_parallel.R (exit=0)
