[2026-04-26 09:17:36] START Scripts/SpeechDataset/SpeechDataset_parallel.R
Registered S3 methods overwritten by 'RcppGSL':
  method               from     
  predict.fastLm       RcppEigen
  print.fastLm         RcppEigen
  summary.fastLm       RcppEigen
  print.summary.fastLm RcppEigen
 [1] "1789-Washington" "1793-Washington" "1797-Adams"      "1801-Jefferson" 
 [5] "1805-Jefferson"  "1809-Madison"    "1813-Madison"    "1817-Monroe"    
 [9] "1821-Monroe"     "1825-Adams"      "1829-Jackson"    "1833-Jackson"   
[13] "1837-VanBuren"   "1841-Harrison"   "1845-Polk"       "1849-Taylor"    
[17] "1853-Pierce"     "1857-Buchanan"   "1861-Lincoln"    "1865-Lincoln"   
[21] "1869-Grant"      "1873-Grant"      "1877-Hayes"      "1881-Garfield"  
[25] "1885-Cleveland"  "1889-Harrison"   "1893-Cleveland"  "1897-McKinley"  
[29] "1901-McKinley"   "1905-Roosevelt"  "1909-Taft"       "1913-Wilson"    
[33] "1917-Wilson"     "1921-Harding"    "1925-Coolidge"   "1929-Hoover"    
[37] "1933-Roosevelt"  "1937-Roosevelt"  "1941-Roosevelt"  "1945-Roosevelt" 
[41] "1949-Truman"     "1953-Eisenhower" "1957-Eisenhower" "1961-Kennedy"   
[45] "1965-Johnson"    "1969-Nixon"      "1973-Nixon"      "1977-Carter"    
[49] "1981-Reagan"     "1985-Reagan"     "1989-Bush"       "1993-Clinton"   
[53] "1997-Clinton"    "2001-Bush"       "2005-Bush"       "2009-Obama"     
[57] "2013-Obama"      "2017-Trump"      "2021-Biden"      "2025-Trump"     
[2026-04-26 09:17:53] START whole script: SpeechDataset_parallel.R
[[1]]
NULL

[[2]]
NULL

[[3]]
NULL

[[4]]
NULL

[[5]]
NULL

[[6]]
NULL

[[7]]
NULL

[[8]]
NULL

[[9]]
NULL

[[10]]
NULL

[[11]]
NULL

[[12]]
NULL

[[13]]
NULL

[[14]]
NULL

[[15]]
NULL

[[16]]
NULL

[[17]]
NULL

[[18]]
NULL

[[19]]
NULL

[[20]]
NULL

[[21]]
NULL

[[22]]
NULL

[[23]]
NULL

[[24]]
NULL

[[25]]
NULL

[[26]]
NULL

[[27]]
NULL

[[28]]
NULL

[[29]]
NULL

[[30]]
NULL

[[31]]
NULL

[[32]]
NULL

[[33]]
NULL

[2026-04-26 09:18:24] END whole script: SpeechDataset_parallel.R
   delta mu_gamma var_gamma mu_beta var_beta sigma0 config_id
1  1e-04    1e-04     0.001   1e-04    0.001   0.10         1
2  1e-04    1e-03     0.001   1e-04    0.001   0.10         2
3  1e-04    1e-02     0.001   1e-04    0.001   0.10         3
4  1e-04    1e-04     0.001   1e-03    0.001   0.10         4
5  1e-04    1e-03     0.001   1e-03    0.001   0.10         5
6  1e-04    1e-02     0.001   1e-03    0.001   0.10         6
7  1e-04    1e-04     0.001   1e-02    0.001   0.10         7
8  1e-04    1e-03     0.001   1e-02    0.001   0.10         8
9  1e-04    1e-02     0.001   1e-02    0.001   0.10         9
10 1e-04    1e-04     0.001   1e-04    0.001   0.25        10
11 1e-04    1e-03     0.001   1e-04    0.001   0.25        11
12 1e-04    1e-02     0.001   1e-04    0.001   0.25        12
13 1e-04    1e-04     0.001   1e-03    0.001   0.25        13
14 1e-04    1e-03     0.001   1e-03    0.001   0.25        14
15 1e-04    1e-02     0.001   1e-03    0.001   0.25        15
16 1e-04    1e-04     0.001   1e-02    0.001   0.25        16
17 1e-04    1e-03     0.001   1e-02    0.001   0.25        17
18 1e-04    1e-02     0.001   1e-02    0.001   0.25        18
19 1e-04    1e-04     0.001   1e-04    0.001   0.50        19
20 1e-04    1e-03     0.001   1e-04    0.001   0.50        20
21 1e-04    1e-02     0.001   1e-04    0.001   0.50        21
22 1e-04    1e-04     0.001   1e-03    0.001   0.50        22
23 1e-04    1e-03     0.001   1e-03    0.001   0.50        23
24 1e-04    1e-02     0.001   1e-03    0.001   0.50        24
25 1e-04    1e-04     0.001   1e-02    0.001   0.50        25
26 1e-04    1e-03     0.001   1e-02    0.001   0.50        26
27 1e-04    1e-02     0.001   1e-02    0.001   0.50        27
28 1e-04    1e-04     0.001   1e-04    0.001   0.75        28
29 1e-04    1e-03     0.001   1e-04    0.001   0.75        29
30 1e-04    1e-02     0.001   1e-04    0.001   0.75        30
31 1e-04    1e-04     0.001   1e-03    0.001   0.75        31
32 1e-04    1e-03     0.001   1e-03    0.001   0.75        32
33 1e-04    1e-02     0.001   1e-03    0.001   0.75        33
34 1e-04    1e-04     0.001   1e-02    0.001   0.75        34
35 1e-04    1e-03     0.001   1e-02    0.001   0.75        35
36 1e-04    1e-02     0.001   1e-02    0.001   0.75        36
37 1e-04    1e-04     0.001   1e-04    0.001   0.90        37
38 1e-04    1e-03     0.001   1e-04    0.001   0.90        38
39 1e-04    1e-02     0.001   1e-04    0.001   0.90        39
40 1e-04    1e-04     0.001   1e-03    0.001   0.90        40
41 1e-04    1e-03     0.001   1e-03    0.001   0.90        41
42 1e-04    1e-02     0.001   1e-03    0.001   0.90        42
43 1e-04    1e-04     0.001   1e-02    0.001   0.90        43
44 1e-04    1e-03     0.001   1e-02    0.001   0.90        44
45 1e-04    1e-02     0.001   1e-02    0.001   0.90        45
                                                                                             tag
1    cfg001_r10_delta_1em04_muGamma_1em04_varGamma_1em03_muBeta_1em04_varBeta_1em03_sigma0_1em01
2    cfg002_r10_delta_1em04_muGamma_1em03_varGamma_1em03_muBeta_1em04_varBeta_1em03_sigma0_1em01
3    cfg003_r10_delta_1em04_muGamma_1em02_varGamma_1em03_muBeta_1em04_varBeta_1em03_sigma0_1em01
4    cfg004_r10_delta_1em04_muGamma_1em04_varGamma_1em03_muBeta_1em03_varBeta_1em03_sigma0_1em01
5    cfg005_r10_delta_1em04_muGamma_1em03_varGamma_1em03_muBeta_1em03_varBeta_1em03_sigma0_1em01
6    cfg006_r10_delta_1em04_muGamma_1em02_varGamma_1em03_muBeta_1em03_varBeta_1em03_sigma0_1em01
7    cfg007_r10_delta_1em04_muGamma_1em04_varGamma_1em03_muBeta_1em02_varBeta_1em03_sigma0_1em01
8    cfg008_r10_delta_1em04_muGamma_1em03_varGamma_1em03_muBeta_1em02_varBeta_1em03_sigma0_1em01
9    cfg009_r10_delta_1em04_muGamma_1em02_varGamma_1em03_muBeta_1em02_varBeta_1em03_sigma0_1em01
10 cfg010_r10_delta_1em04_muGamma_1em04_varGamma_1em03_muBeta_1em04_varBeta_1em03_sigma0_2p5em01
11 cfg011_r10_delta_1em04_muGamma_1em03_varGamma_1em03_muBeta_1em04_varBeta_1em03_sigma0_2p5em01
12 cfg012_r10_delta_1em04_muGamma_1em02_varGamma_1em03_muBeta_1em04_varBeta_1em03_sigma0_2p5em01
13 cfg013_r10_delta_1em04_muGamma_1em04_varGamma_1em03_muBeta_1em03_varBeta_1em03_sigma0_2p5em01
14 cfg014_r10_delta_1em04_muGamma_1em03_varGamma_1em03_muBeta_1em03_varBeta_1em03_sigma0_2p5em01
15 cfg015_r10_delta_1em04_muGamma_1em02_varGamma_1em03_muBeta_1em03_varBeta_1em03_sigma0_2p5em01
16 cfg016_r10_delta_1em04_muGamma_1em04_varGamma_1em03_muBeta_1em02_varBeta_1em03_sigma0_2p5em01
17 cfg017_r10_delta_1em04_muGamma_1em03_varGamma_1em03_muBeta_1em02_varBeta_1em03_sigma0_2p5em01
18 cfg018_r10_delta_1em04_muGamma_1em02_varGamma_1em03_muBeta_1em02_varBeta_1em03_sigma0_2p5em01
19   cfg019_r10_delta_1em04_muGamma_1em04_varGamma_1em03_muBeta_1em04_varBeta_1em03_sigma0_5em01
20   cfg020_r10_delta_1em04_muGamma_1em03_varGamma_1em03_muBeta_1em04_varBeta_1em03_sigma0_5em01
21   cfg021_r10_delta_1em04_muGamma_1em02_varGamma_1em03_muBeta_1em04_varBeta_1em03_sigma0_5em01
22   cfg022_r10_delta_1em04_muGamma_1em04_varGamma_1em03_muBeta_1em03_varBeta_1em03_sigma0_5em01
23   cfg023_r10_delta_1em04_muGamma_1em03_varGamma_1em03_muBeta_1em03_varBeta_1em03_sigma0_5em01
24   cfg024_r10_delta_1em04_muGamma_1em02_varGamma_1em03_muBeta_1em03_varBeta_1em03_sigma0_5em01
25   cfg025_r10_delta_1em04_muGamma_1em04_varGamma_1em03_muBeta_1em02_varBeta_1em03_sigma0_5em01
26   cfg026_r10_delta_1em04_muGamma_1em03_varGamma_1em03_muBeta_1em02_varBeta_1em03_sigma0_5em01
27   cfg027_r10_delta_1em04_muGamma_1em02_varGamma_1em03_muBeta_1em02_varBeta_1em03_sigma0_5em01
28 cfg028_r10_delta_1em04_muGamma_1em04_varGamma_1em03_muBeta_1em04_varBeta_1em03_sigma0_7p5em01
29 cfg029_r10_delta_1em04_muGamma_1em03_varGamma_1em03_muBeta_1em04_varBeta_1em03_sigma0_7p5em01
30 cfg030_r10_delta_1em04_muGamma_1em02_varGamma_1em03_muBeta_1em04_varBeta_1em03_sigma0_7p5em01
31 cfg031_r10_delta_1em04_muGamma_1em04_varGamma_1em03_muBeta_1em03_varBeta_1em03_sigma0_7p5em01
32 cfg032_r10_delta_1em04_muGamma_1em03_varGamma_1em03_muBeta_1em03_varBeta_1em03_sigma0_7p5em01
33 cfg033_r10_delta_1em04_muGamma_1em02_varGamma_1em03_muBeta_1em03_varBeta_1em03_sigma0_7p5em01
34 cfg034_r10_delta_1em04_muGamma_1em04_varGamma_1em03_muBeta_1em02_varBeta_1em03_sigma0_7p5em01
35 cfg035_r10_delta_1em04_muGamma_1em03_varGamma_1em03_muBeta_1em02_varBeta_1em03_sigma0_7p5em01
36 cfg036_r10_delta_1em04_muGamma_1em02_varGamma_1em03_muBeta_1em02_varBeta_1em03_sigma0_7p5em01
37   cfg037_r10_delta_1em04_muGamma_1em04_varGamma_1em03_muBeta_1em04_varBeta_1em03_sigma0_9em01
38   cfg038_r10_delta_1em04_muGamma_1em03_varGamma_1em03_muBeta_1em04_varBeta_1em03_sigma0_9em01
39   cfg039_r10_delta_1em04_muGamma_1em02_varGamma_1em03_muBeta_1em04_varBeta_1em03_sigma0_9em01
40   cfg040_r10_delta_1em04_muGamma_1em04_varGamma_1em03_muBeta_1em03_varBeta_1em03_sigma0_9em01
41   cfg041_r10_delta_1em04_muGamma_1em03_varGamma_1em03_muBeta_1em03_varBeta_1em03_sigma0_9em01
42   cfg042_r10_delta_1em04_muGamma_1em02_varGamma_1em03_muBeta_1em03_varBeta_1em03_sigma0_9em01
43   cfg043_r10_delta_1em04_muGamma_1em04_varGamma_1em03_muBeta_1em02_varBeta_1em03_sigma0_9em01
44   cfg044_r10_delta_1em04_muGamma_1em03_varGamma_1em03_muBeta_1em02_varBeta_1em03_sigma0_9em01
45   cfg045_r10_delta_1em04_muGamma_1em02_varGamma_1em03_muBeta_1em02_varBeta_1em03_sigma0_9em01
                                                                                                                                                                      pdf_file
1    /home/colombi/DynamicFeatureAllocation/Scripts/SpeechDataset/img/parallel/cfg001_r10_delta_1em04_muGamma_1em04_varGamma_1em03_muBeta_1em04_varBeta_1em03_sigma0_1em01.pdf
2    /home/colombi/DynamicFeatureAllocation/Scripts/SpeechDataset/img/parallel/cfg002_r10_delta_1em04_muGamma_1em03_varGamma_1em03_muBeta_1em04_varBeta_1em03_sigma0_1em01.pdf
3    /home/colombi/DynamicFeatureAllocation/Scripts/SpeechDataset/img/parallel/cfg003_r10_delta_1em04_muGamma_1em02_varGamma_1em03_muBeta_1em04_varBeta_1em03_sigma0_1em01.pdf
4    /home/colombi/DynamicFeatureAllocation/Scripts/SpeechDataset/img/parallel/cfg004_r10_delta_1em04_muGamma_1em04_varGamma_1em03_muBeta_1em03_varBeta_1em03_sigma0_1em01.pdf
5    /home/colombi/DynamicFeatureAllocation/Scripts/SpeechDataset/img/parallel/cfg005_r10_delta_1em04_muGamma_1em03_varGamma_1em03_muBeta_1em03_varBeta_1em03_sigma0_1em01.pdf
6    /home/colombi/DynamicFeatureAllocation/Scripts/SpeechDataset/img/parallel/cfg006_r10_delta_1em04_muGamma_1em02_varGamma_1em03_muBeta_1em03_varBeta_1em03_sigma0_1em01.pdf
7    /home/colombi/DynamicFeatureAllocation/Scripts/SpeechDataset/img/parallel/cfg007_r10_delta_1em04_muGamma_1em04_varGamma_1em03_muBeta_1em02_varBeta_1em03_sigma0_1em01.pdf
8    /home/colombi/DynamicFeatureAllocation/Scripts/SpeechDataset/img/parallel/cfg008_r10_delta_1em04_muGamma_1em03_varGamma_1em03_muBeta_1em02_varBeta_1em03_sigma0_1em01.pdf
9    /home/colombi/DynamicFeatureAllocation/Scripts/SpeechDataset/img/parallel/cfg009_r10_delta_1em04_muGamma_1em02_varGamma_1em03_muBeta_1em02_varBeta_1em03_sigma0_1em01.pdf
10 /home/colombi/DynamicFeatureAllocation/Scripts/SpeechDataset/img/parallel/cfg010_r10_delta_1em04_muGamma_1em04_varGamma_1em03_muBeta_1em04_varBeta_1em03_sigma0_2p5em01.pdf
11 /home/colombi/DynamicFeatureAllocation/Scripts/SpeechDataset/img/parallel/cfg011_r10_delta_1em04_muGamma_1em03_varGamma_1em03_muBeta_1em04_varBeta_1em03_sigma0_2p5em01.pdf
12 /home/colombi/DynamicFeatureAllocation/Scripts/SpeechDataset/img/parallel/cfg012_r10_delta_1em04_muGamma_1em02_varGamma_1em03_muBeta_1em04_varBeta_1em03_sigma0_2p5em01.pdf
13 /home/colombi/DynamicFeatureAllocation/Scripts/SpeechDataset/img/parallel/cfg013_r10_delta_1em04_muGamma_1em04_varGamma_1em03_muBeta_1em03_varBeta_1em03_sigma0_2p5em01.pdf
14 /home/colombi/DynamicFeatureAllocation/Scripts/SpeechDataset/img/parallel/cfg014_r10_delta_1em04_muGamma_1em03_varGamma_1em03_muBeta_1em03_varBeta_1em03_sigma0_2p5em01.pdf
15 /home/colombi/DynamicFeatureAllocation/Scripts/SpeechDataset/img/parallel/cfg015_r10_delta_1em04_muGamma_1em02_varGamma_1em03_muBeta_1em03_varBeta_1em03_sigma0_2p5em01.pdf
16 /home/colombi/DynamicFeatureAllocation/Scripts/SpeechDataset/img/parallel/cfg016_r10_delta_1em04_muGamma_1em04_varGamma_1em03_muBeta_1em02_varBeta_1em03_sigma0_2p5em01.pdf
17 /home/colombi/DynamicFeatureAllocation/Scripts/SpeechDataset/img/parallel/cfg017_r10_delta_1em04_muGamma_1em03_varGamma_1em03_muBeta_1em02_varBeta_1em03_sigma0_2p5em01.pdf
18 /home/colombi/DynamicFeatureAllocation/Scripts/SpeechDataset/img/parallel/cfg018_r10_delta_1em04_muGamma_1em02_varGamma_1em03_muBeta_1em02_varBeta_1em03_sigma0_2p5em01.pdf
19   /home/colombi/DynamicFeatureAllocation/Scripts/SpeechDataset/img/parallel/cfg019_r10_delta_1em04_muGamma_1em04_varGamma_1em03_muBeta_1em04_varBeta_1em03_sigma0_5em01.pdf
20   /home/colombi/DynamicFeatureAllocation/Scripts/SpeechDataset/img/parallel/cfg020_r10_delta_1em04_muGamma_1em03_varGamma_1em03_muBeta_1em04_varBeta_1em03_sigma0_5em01.pdf
21   /home/colombi/DynamicFeatureAllocation/Scripts/SpeechDataset/img/parallel/cfg021_r10_delta_1em04_muGamma_1em02_varGamma_1em03_muBeta_1em04_varBeta_1em03_sigma0_5em01.pdf
22   /home/colombi/DynamicFeatureAllocation/Scripts/SpeechDataset/img/parallel/cfg022_r10_delta_1em04_muGamma_1em04_varGamma_1em03_muBeta_1em03_varBeta_1em03_sigma0_5em01.pdf
23   /home/colombi/DynamicFeatureAllocation/Scripts/SpeechDataset/img/parallel/cfg023_r10_delta_1em04_muGamma_1em03_varGamma_1em03_muBeta_1em03_varBeta_1em03_sigma0_5em01.pdf
24   /home/colombi/DynamicFeatureAllocation/Scripts/SpeechDataset/img/parallel/cfg024_r10_delta_1em04_muGamma_1em02_varGamma_1em03_muBeta_1em03_varBeta_1em03_sigma0_5em01.pdf
25   /home/colombi/DynamicFeatureAllocation/Scripts/SpeechDataset/img/parallel/cfg025_r10_delta_1em04_muGamma_1em04_varGamma_1em03_muBeta_1em02_varBeta_1em03_sigma0_5em01.pdf
26   /home/colombi/DynamicFeatureAllocation/Scripts/SpeechDataset/img/parallel/cfg026_r10_delta_1em04_muGamma_1em03_varGamma_1em03_muBeta_1em02_varBeta_1em03_sigma0_5em01.pdf
27   /home/colombi/DynamicFeatureAllocation/Scripts/SpeechDataset/img/parallel/cfg027_r10_delta_1em04_muGamma_1em02_varGamma_1em03_muBeta_1em02_varBeta_1em03_sigma0_5em01.pdf
28 /home/colombi/DynamicFeatureAllocation/Scripts/SpeechDataset/img/parallel/cfg028_r10_delta_1em04_muGamma_1em04_varGamma_1em03_muBeta_1em04_varBeta_1em03_sigma0_7p5em01.pdf
29 /home/colombi/DynamicFeatureAllocation/Scripts/SpeechDataset/img/parallel/cfg029_r10_delta_1em04_muGamma_1em03_varGamma_1em03_muBeta_1em04_varBeta_1em03_sigma0_7p5em01.pdf
30 /home/colombi/DynamicFeatureAllocation/Scripts/SpeechDataset/img/parallel/cfg030_r10_delta_1em04_muGamma_1em02_varGamma_1em03_muBeta_1em04_varBeta_1em03_sigma0_7p5em01.pdf
31 /home/colombi/DynamicFeatureAllocation/Scripts/SpeechDataset/img/parallel/cfg031_r10_delta_1em04_muGamma_1em04_varGamma_1em03_muBeta_1em03_varBeta_1em03_sigma0_7p5em01.pdf
32 /home/colombi/DynamicFeatureAllocation/Scripts/SpeechDataset/img/parallel/cfg032_r10_delta_1em04_muGamma_1em03_varGamma_1em03_muBeta_1em03_varBeta_1em03_sigma0_7p5em01.pdf
33 /home/colombi/DynamicFeatureAllocation/Scripts/SpeechDataset/img/parallel/cfg033_r10_delta_1em04_muGamma_1em02_varGamma_1em03_muBeta_1em03_varBeta_1em03_sigma0_7p5em01.pdf
34 /home/colombi/DynamicFeatureAllocation/Scripts/SpeechDataset/img/parallel/cfg034_r10_delta_1em04_muGamma_1em04_varGamma_1em03_muBeta_1em02_varBeta_1em03_sigma0_7p5em01.pdf
35 /home/colombi/DynamicFeatureAllocation/Scripts/SpeechDataset/img/parallel/cfg035_r10_delta_1em04_muGamma_1em03_varGamma_1em03_muBeta_1em02_varBeta_1em03_sigma0_7p5em01.pdf
36 /home/colombi/DynamicFeatureAllocation/Scripts/SpeechDataset/img/parallel/cfg036_r10_delta_1em04_muGamma_1em02_varGamma_1em03_muBeta_1em02_varBeta_1em03_sigma0_7p5em01.pdf
37   /home/colombi/DynamicFeatureAllocation/Scripts/SpeechDataset/img/parallel/cfg037_r10_delta_1em04_muGamma_1em04_varGamma_1em03_muBeta_1em04_varBeta_1em03_sigma0_9em01.pdf
38   /home/colombi/DynamicFeatureAllocation/Scripts/SpeechDataset/img/parallel/cfg038_r10_delta_1em04_muGamma_1em03_varGamma_1em03_muBeta_1em04_varBeta_1em03_sigma0_9em01.pdf
39   /home/colombi/DynamicFeatureAllocation/Scripts/SpeechDataset/img/parallel/cfg039_r10_delta_1em04_muGamma_1em02_varGamma_1em03_muBeta_1em04_varBeta_1em03_sigma0_9em01.pdf
40   /home/colombi/DynamicFeatureAllocation/Scripts/SpeechDataset/img/parallel/cfg040_r10_delta_1em04_muGamma_1em04_varGamma_1em03_muBeta_1em03_varBeta_1em03_sigma0_9em01.pdf
41   /home/colombi/DynamicFeatureAllocation/Scripts/SpeechDataset/img/parallel/cfg041_r10_delta_1em04_muGamma_1em03_varGamma_1em03_muBeta_1em03_varBeta_1em03_sigma0_9em01.pdf
42   /home/colombi/DynamicFeatureAllocation/Scripts/SpeechDataset/img/parallel/cfg042_r10_delta_1em04_muGamma_1em02_varGamma_1em03_muBeta_1em03_varBeta_1em03_sigma0_9em01.pdf
43   /home/colombi/DynamicFeatureAllocation/Scripts/SpeechDataset/img/parallel/cfg043_r10_delta_1em04_muGamma_1em04_varGamma_1em03_muBeta_1em02_varBeta_1em03_sigma0_9em01.pdf
44   /home/colombi/DynamicFeatureAllocation/Scripts/SpeechDataset/img/parallel/cfg044_r10_delta_1em04_muGamma_1em03_varGamma_1em03_muBeta_1em02_varBeta_1em03_sigma0_9em01.pdf
45   /home/colombi/DynamicFeatureAllocation/Scripts/SpeechDataset/img/parallel/cfg045_r10_delta_1em04_muGamma_1em02_varGamma_1em03_muBeta_1em02_varBeta_1em03_sigma0_9em01.pdf
                                                                                                                                                                          log_file
1    /home/colombi/DynamicFeatureAllocation/Scripts/SpeechDataset/img/parallel/log/cfg001_r10_delta_1em04_muGamma_1em04_varGamma_1em03_muBeta_1em04_varBeta_1em03_sigma0_1em01.log
2    /home/colombi/DynamicFeatureAllocation/Scripts/SpeechDataset/img/parallel/log/cfg002_r10_delta_1em04_muGamma_1em03_varGamma_1em03_muBeta_1em04_varBeta_1em03_sigma0_1em01.log
3    /home/colombi/DynamicFeatureAllocation/Scripts/SpeechDataset/img/parallel/log/cfg003_r10_delta_1em04_muGamma_1em02_varGamma_1em03_muBeta_1em04_varBeta_1em03_sigma0_1em01.log
4    /home/colombi/DynamicFeatureAllocation/Scripts/SpeechDataset/img/parallel/log/cfg004_r10_delta_1em04_muGamma_1em04_varGamma_1em03_muBeta_1em03_varBeta_1em03_sigma0_1em01.log
5    /home/colombi/DynamicFeatureAllocation/Scripts/SpeechDataset/img/parallel/log/cfg005_r10_delta_1em04_muGamma_1em03_varGamma_1em03_muBeta_1em03_varBeta_1em03_sigma0_1em01.log
6    /home/colombi/DynamicFeatureAllocation/Scripts/SpeechDataset/img/parallel/log/cfg006_r10_delta_1em04_muGamma_1em02_varGamma_1em03_muBeta_1em03_varBeta_1em03_sigma0_1em01.log
7    /home/colombi/DynamicFeatureAllocation/Scripts/SpeechDataset/img/parallel/log/cfg007_r10_delta_1em04_muGamma_1em04_varGamma_1em03_muBeta_1em02_varBeta_1em03_sigma0_1em01.log
8    /home/colombi/DynamicFeatureAllocation/Scripts/SpeechDataset/img/parallel/log/cfg008_r10_delta_1em04_muGamma_1em03_varGamma_1em03_muBeta_1em02_varBeta_1em03_sigma0_1em01.log
9    /home/colombi/DynamicFeatureAllocation/Scripts/SpeechDataset/img/parallel/log/cfg009_r10_delta_1em04_muGamma_1em02_varGamma_1em03_muBeta_1em02_varBeta_1em03_sigma0_1em01.log
10 /home/colombi/DynamicFeatureAllocation/Scripts/SpeechDataset/img/parallel/log/cfg010_r10_delta_1em04_muGamma_1em04_varGamma_1em03_muBeta_1em04_varBeta_1em03_sigma0_2p5em01.log
11 /home/colombi/DynamicFeatureAllocation/Scripts/SpeechDataset/img/parallel/log/cfg011_r10_delta_1em04_muGamma_1em03_varGamma_1em03_muBeta_1em04_varBeta_1em03_sigma0_2p5em01.log
12 /home/colombi/DynamicFeatureAllocation/Scripts/SpeechDataset/img/parallel/log/cfg012_r10_delta_1em04_muGamma_1em02_varGamma_1em03_muBeta_1em04_varBeta_1em03_sigma0_2p5em01.log
13 /home/colombi/DynamicFeatureAllocation/Scripts/SpeechDataset/img/parallel/log/cfg013_r10_delta_1em04_muGamma_1em04_varGamma_1em03_muBeta_1em03_varBeta_1em03_sigma0_2p5em01.log
14 /home/colombi/DynamicFeatureAllocation/Scripts/SpeechDataset/img/parallel/log/cfg014_r10_delta_1em04_muGamma_1em03_varGamma_1em03_muBeta_1em03_varBeta_1em03_sigma0_2p5em01.log
15 /home/colombi/DynamicFeatureAllocation/Scripts/SpeechDataset/img/parallel/log/cfg015_r10_delta_1em04_muGamma_1em02_varGamma_1em03_muBeta_1em03_varBeta_1em03_sigma0_2p5em01.log
16 /home/colombi/DynamicFeatureAllocation/Scripts/SpeechDataset/img/parallel/log/cfg016_r10_delta_1em04_muGamma_1em04_varGamma_1em03_muBeta_1em02_varBeta_1em03_sigma0_2p5em01.log
17 /home/colombi/DynamicFeatureAllocation/Scripts/SpeechDataset/img/parallel/log/cfg017_r10_delta_1em04_muGamma_1em03_varGamma_1em03_muBeta_1em02_varBeta_1em03_sigma0_2p5em01.log
18 /home/colombi/DynamicFeatureAllocation/Scripts/SpeechDataset/img/parallel/log/cfg018_r10_delta_1em04_muGamma_1em02_varGamma_1em03_muBeta_1em02_varBeta_1em03_sigma0_2p5em01.log
19   /home/colombi/DynamicFeatureAllocation/Scripts/SpeechDataset/img/parallel/log/cfg019_r10_delta_1em04_muGamma_1em04_varGamma_1em03_muBeta_1em04_varBeta_1em03_sigma0_5em01.log
20   /home/colombi/DynamicFeatureAllocation/Scripts/SpeechDataset/img/parallel/log/cfg020_r10_delta_1em04_muGamma_1em03_varGamma_1em03_muBeta_1em04_varBeta_1em03_sigma0_5em01.log
21   /home/colombi/DynamicFeatureAllocation/Scripts/SpeechDataset/img/parallel/log/cfg021_r10_delta_1em04_muGamma_1em02_varGamma_1em03_muBeta_1em04_varBeta_1em03_sigma0_5em01.log
22   /home/colombi/DynamicFeatureAllocation/Scripts/SpeechDataset/img/parallel/log/cfg022_r10_delta_1em04_muGamma_1em04_varGamma_1em03_muBeta_1em03_varBeta_1em03_sigma0_5em01.log
23   /home/colombi/DynamicFeatureAllocation/Scripts/SpeechDataset/img/parallel/log/cfg023_r10_delta_1em04_muGamma_1em03_varGamma_1em03_muBeta_1em03_varBeta_1em03_sigma0_5em01.log
24   /home/colombi/DynamicFeatureAllocation/Scripts/SpeechDataset/img/parallel/log/cfg024_r10_delta_1em04_muGamma_1em02_varGamma_1em03_muBeta_1em03_varBeta_1em03_sigma0_5em01.log
25   /home/colombi/DynamicFeatureAllocation/Scripts/SpeechDataset/img/parallel/log/cfg025_r10_delta_1em04_muGamma_1em04_varGamma_1em03_muBeta_1em02_varBeta_1em03_sigma0_5em01.log
26   /home/colombi/DynamicFeatureAllocation/Scripts/SpeechDataset/img/parallel/log/cfg026_r10_delta_1em04_muGamma_1em03_varGamma_1em03_muBeta_1em02_varBeta_1em03_sigma0_5em01.log
27   /home/colombi/DynamicFeatureAllocation/Scripts/SpeechDataset/img/parallel/log/cfg027_r10_delta_1em04_muGamma_1em02_varGamma_1em03_muBeta_1em02_varBeta_1em03_sigma0_5em01.log
28 /home/colombi/DynamicFeatureAllocation/Scripts/SpeechDataset/img/parallel/log/cfg028_r10_delta_1em04_muGamma_1em04_varGamma_1em03_muBeta_1em04_varBeta_1em03_sigma0_7p5em01.log
29 /home/colombi/DynamicFeatureAllocation/Scripts/SpeechDataset/img/parallel/log/cfg029_r10_delta_1em04_muGamma_1em03_varGamma_1em03_muBeta_1em04_varBeta_1em03_sigma0_7p5em01.log
30 /home/colombi/DynamicFeatureAllocation/Scripts/SpeechDataset/img/parallel/log/cfg030_r10_delta_1em04_muGamma_1em02_varGamma_1em03_muBeta_1em04_varBeta_1em03_sigma0_7p5em01.log
31 /home/colombi/DynamicFeatureAllocation/Scripts/SpeechDataset/img/parallel/log/cfg031_r10_delta_1em04_muGamma_1em04_varGamma_1em03_muBeta_1em03_varBeta_1em03_sigma0_7p5em01.log
32 /home/colombi/DynamicFeatureAllocation/Scripts/SpeechDataset/img/parallel/log/cfg032_r10_delta_1em04_muGamma_1em03_varGamma_1em03_muBeta_1em03_varBeta_1em03_sigma0_7p5em01.log
33 /home/colombi/DynamicFeatureAllocation/Scripts/SpeechDataset/img/parallel/log/cfg033_r10_delta_1em04_muGamma_1em02_varGamma_1em03_muBeta_1em03_varBeta_1em03_sigma0_7p5em01.log
34 /home/colombi/DynamicFeatureAllocation/Scripts/SpeechDataset/img/parallel/log/cfg034_r10_delta_1em04_muGamma_1em04_varGamma_1em03_muBeta_1em02_varBeta_1em03_sigma0_7p5em01.log
35 /home/colombi/DynamicFeatureAllocation/Scripts/SpeechDataset/img/parallel/log/cfg035_r10_delta_1em04_muGamma_1em03_varGamma_1em03_muBeta_1em02_varBeta_1em03_sigma0_7p5em01.log
36 /home/colombi/DynamicFeatureAllocation/Scripts/SpeechDataset/img/parallel/log/cfg036_r10_delta_1em04_muGamma_1em02_varGamma_1em03_muBeta_1em02_varBeta_1em03_sigma0_7p5em01.log
37   /home/colombi/DynamicFeatureAllocation/Scripts/SpeechDataset/img/parallel/log/cfg037_r10_delta_1em04_muGamma_1em04_varGamma_1em03_muBeta_1em04_varBeta_1em03_sigma0_9em01.log
38   /home/colombi/DynamicFeatureAllocation/Scripts/SpeechDataset/img/parallel/log/cfg038_r10_delta_1em04_muGamma_1em03_varGamma_1em03_muBeta_1em04_varBeta_1em03_sigma0_9em01.log
39   /home/colombi/DynamicFeatureAllocation/Scripts/SpeechDataset/img/parallel/log/cfg039_r10_delta_1em04_muGamma_1em02_varGamma_1em03_muBeta_1em04_varBeta_1em03_sigma0_9em01.log
40   /home/colombi/DynamicFeatureAllocation/Scripts/SpeechDataset/img/parallel/log/cfg040_r10_delta_1em04_muGamma_1em04_varGamma_1em03_muBeta_1em03_varBeta_1em03_sigma0_9em01.log
41   /home/colombi/DynamicFeatureAllocation/Scripts/SpeechDataset/img/parallel/log/cfg041_r10_delta_1em04_muGamma_1em03_varGamma_1em03_muBeta_1em03_varBeta_1em03_sigma0_9em01.log
42   /home/colombi/DynamicFeatureAllocation/Scripts/SpeechDataset/img/parallel/log/cfg042_r10_delta_1em04_muGamma_1em02_varGamma_1em03_muBeta_1em03_varBeta_1em03_sigma0_9em01.log
43   /home/colombi/DynamicFeatureAllocation/Scripts/SpeechDataset/img/parallel/log/cfg043_r10_delta_1em04_muGamma_1em04_varGamma_1em03_muBeta_1em02_varBeta_1em03_sigma0_9em01.log
44   /home/colombi/DynamicFeatureAllocation/Scripts/SpeechDataset/img/parallel/log/cfg044_r10_delta_1em04_muGamma_1em03_varGamma_1em03_muBeta_1em02_varBeta_1em03_sigma0_9em01.log
45   /home/colombi/DynamicFeatureAllocation/Scripts/SpeechDataset/img/parallel/log/cfg045_r10_delta_1em04_muGamma_1em02_varGamma_1em03_muBeta_1em02_varBeta_1em03_sigma0_9em01.log
   status
1  failed
2  failed
3  failed
4  failed
5  failed
6  failed
7  failed
8  failed
9  failed
10 failed
11 failed
12 failed
13 failed
14 failed
15 failed
16 failed
17 failed
18 failed
19 failed
20 failed
21 failed
22 failed
23 failed
24 failed
25 failed
26 failed
27 failed
28 failed
29 failed
30 failed
31 failed
32 failed
33 failed
34 failed
35 failed
36 failed
37 failed
38 failed
39 failed
40 failed
41 failed
42 failed
43 failed
44 failed
45 failed
                                                                                          error_message
1                                                           Error in sample_Ditl, get a nan in zeta_it 
2                                                           Error in sample_Ditl, get a nan in zeta_it 
3                                                           Error in sample_Ditl, get a nan in zeta_it 
4                                                           Error in sample_Ditl, get a nan in zeta_it 
5                                                           Error in sample_Ditl, get a nan in zeta_it 
6                                                           Error in sample_Ditl, get a nan in zeta_it 
7  Error in GibbsSampler_DTM_c: log(beta+phi) - log(beta+phi+t_sigma_gamma) is numerically undetectable
8  Error in GibbsSampler_DTM_c: log(beta+phi) - log(beta+phi+t_sigma_gamma) is numerically undetectable
9                                                           Error in sample_Ditl, get a nan in zeta_it 
10                                                          Error in sample_Ditl, get a nan in zeta_it 
11                                                          Error in sample_Ditl, get a nan in zeta_it 
12                                                          Error in sample_Ditl, get a nan in zeta_it 
13                                                          Error in sample_Ditl, get a nan in zeta_it 
14                                                          Error in sample_Ditl, get a nan in zeta_it 
15                                                          Error in sample_Ditl, get a nan in zeta_it 
16                                                          Error in sample_Ditl, get a nan in zeta_it 
17                                                          Error in sample_Ditl, get a nan in zeta_it 
18                                                          Error in sample_Ditl, get a nan in zeta_it 
19                                                          Error in sample_Ditl, get a nan in zeta_it 
20                                                          Error in sample_Ditl, get a nan in zeta_it 
21                                                          Error in sample_Ditl, get a nan in zeta_it 
22                                                          Error in sample_Ditl, get a nan in zeta_it 
23                                                          Error in sample_Ditl, get a nan in zeta_it 
24                                                          Error in sample_Ditl, get a nan in zeta_it 
25                                                          Error in sample_Ditl, get a nan in zeta_it 
26                                                          Error in sample_Ditl, get a nan in zeta_it 
27                                                        Error in Lambda0: column values must sum to 1
28                                                          Error in sample_Ditl, get a nan in zeta_it 
29                                                          Error in sample_Ditl, get a nan in zeta_it 
30                                                          Error in sample_Ditl, get a nan in zeta_it 
31                                                          Error in sample_Ditl, get a nan in zeta_it 
32                                                          Error in sample_Ditl, get a nan in zeta_it 
33                                                          Error in sample_Ditl, get a nan in zeta_it 
34                                                        Error in Lambda0: column values must sum to 1
35                                                          Error in sample_Ditl, get a nan in zeta_it 
36                                                          Error in sample_Ditl, get a nan in zeta_it 
37                                                          Error in sample_Ditl, get a nan in zeta_it 
38                                                        Error in Lambda0: column values must sum to 1
39                                                          Error in sample_Ditl, get a nan in zeta_it 
40                                                          Error in sample_Ditl, get a nan in zeta_it 
41                                                          Error in sample_Ditl, get a nan in zeta_it 
42                                                          Error in sample_Ditl, get a nan in zeta_it 
43                                                          Error in sample_Ditl, get a nan in zeta_it 
44                                                          Error in sample_Ditl, get a nan in zeta_it 
45                                                          Error in sample_Ditl, get a nan in zeta_it 
[2026-04-26 09:17:36] FINISH Scripts/SpeechDataset/SpeechDataset_parallel.R (exit=0)
