[2026-04-24 17:40:56] START Scripts/SpeechDataset/SpeechDataset_parallel.R
Registered S3 methods overwritten by 'RcppGSL':
  method               from     
  predict.fastLm       RcppEigen
  print.fastLm         RcppEigen
  summary.fastLm       RcppEigen
  print.summary.fastLm RcppEigen
 [1] "1789-Washington" "1793-Washington" "1797-Adams"      "1801-Jefferson" 
 [5] "1805-Jefferson"  "1809-Madison"    "1813-Madison"    "1817-Monroe"    
 [9] "1821-Monroe"     "1825-Adams"      "1829-Jackson"    "1833-Jackson"   
[13] "1837-VanBuren"   "1841-Harrison"   "1845-Polk"       "1849-Taylor"    
[17] "1853-Pierce"     "1857-Buchanan"   "1861-Lincoln"    "1865-Lincoln"   
[21] "1869-Grant"      "1873-Grant"      "1877-Hayes"      "1881-Garfield"  
[25] "1885-Cleveland"  "1889-Harrison"   "1893-Cleveland"  "1897-McKinley"  
[29] "1901-McKinley"   "1905-Roosevelt"  "1909-Taft"       "1913-Wilson"    
[33] "1917-Wilson"     "1921-Harding"    "1925-Coolidge"   "1929-Hoover"    
[37] "1933-Roosevelt"  "1937-Roosevelt"  "1941-Roosevelt"  "1945-Roosevelt" 
[41] "1949-Truman"     "1953-Eisenhower" "1957-Eisenhower" "1961-Kennedy"   
[45] "1965-Johnson"    "1969-Nixon"      "1973-Nixon"      "1977-Carter"    
[49] "1981-Reagan"     "1985-Reagan"     "1989-Bush"       "1993-Clinton"   
[53] "1997-Clinton"    "2001-Bush"       "2005-Bush"       "2009-Obama"     
[57] "2013-Obama"      "2017-Trump"      "2021-Biden"      "2025-Trump"     
[2026-04-24 17:41:19] START whole script: SpeechDataset_parallel.R
[[1]]
NULL

[[2]]
NULL

[[3]]
NULL

[[4]]
NULL

[[5]]
NULL

[[6]]
NULL

[[7]]
NULL

[[8]]
NULL

[[9]]
NULL

[[10]]
NULL

[[11]]
NULL

[[12]]
NULL

[[13]]
NULL

[[14]]
NULL

[[15]]
NULL

[[16]]
NULL

[[17]]
NULL

[[18]]
NULL

[[19]]
NULL

[[20]]
NULL

[[21]]
NULL

[[22]]
NULL

[[23]]
NULL

[[24]]
NULL

[[25]]
NULL

[[26]]
NULL

[[27]]
NULL

[[28]]
NULL

[[29]]
NULL

[[30]]
NULL

[[31]]
NULL

[[32]]
NULL

[[33]]
NULL

[2026-04-24 17:42:22] END whole script: SpeechDataset_parallel.R
   delta mu_gamma var_gamma mu_beta var_beta sigma0 config_id
1  0.001      0.1         1     0.1        1   0.25         1
2  0.010      0.1         1     0.1        1   0.25         2
3  0.001     10.0         1     0.1        1   0.25         3
4  0.010     10.0         1     0.1        1   0.25         4
5  0.001      0.1        10     0.1        1   0.25         5
6  0.010      0.1        10     0.1        1   0.25         6
7  0.001     10.0        10     0.1        1   0.25         7
8  0.010     10.0        10     0.1        1   0.25         8
9  0.001      0.1         1    10.0        1   0.25         9
10 0.010      0.1         1    10.0        1   0.25        10
11 0.001     10.0         1    10.0        1   0.25        11
12 0.010     10.0         1    10.0        1   0.25        12
13 0.001      0.1        10    10.0        1   0.25        13
14 0.010      0.1        10    10.0        1   0.25        14
15 0.001     10.0        10    10.0        1   0.25        15
16 0.010     10.0        10    10.0        1   0.25        16
17 0.001      0.1         1     0.1       10   0.25        17
18 0.010      0.1         1     0.1       10   0.25        18
19 0.001     10.0         1     0.1       10   0.25        19
20 0.010     10.0         1     0.1       10   0.25        20
21 0.001      0.1        10     0.1       10   0.25        21
22 0.010      0.1        10     0.1       10   0.25        22
23 0.001     10.0        10     0.1       10   0.25        23
24 0.010     10.0        10     0.1       10   0.25        24
25 0.001      0.1         1    10.0       10   0.25        25
26 0.010      0.1         1    10.0       10   0.25        26
27 0.001     10.0         1    10.0       10   0.25        27
28 0.010     10.0         1    10.0       10   0.25        28
29 0.001      0.1        10    10.0       10   0.25        29
30 0.010      0.1        10    10.0       10   0.25        30
31 0.001     10.0        10    10.0       10   0.25        31
32 0.010     10.0        10    10.0       10   0.25        32
33 0.001      0.1         1     0.1        1   0.50        33
34 0.010      0.1         1     0.1        1   0.50        34
35 0.001     10.0         1     0.1        1   0.50        35
36 0.010     10.0         1     0.1        1   0.50        36
37 0.001      0.1        10     0.1        1   0.50        37
38 0.010      0.1        10     0.1        1   0.50        38
39 0.001     10.0        10     0.1        1   0.50        39
40 0.010     10.0        10     0.1        1   0.50        40
41 0.001      0.1         1    10.0        1   0.50        41
42 0.010      0.1         1    10.0        1   0.50        42
43 0.001     10.0         1    10.0        1   0.50        43
44 0.010     10.0         1    10.0        1   0.50        44
45 0.001      0.1        10    10.0        1   0.50        45
46 0.010      0.1        10    10.0        1   0.50        46
47 0.001     10.0        10    10.0        1   0.50        47
48 0.010     10.0        10    10.0        1   0.50        48
49 0.001      0.1         1     0.1       10   0.50        49
50 0.010      0.1         1     0.1       10   0.50        50
51 0.001     10.0         1     0.1       10   0.50        51
52 0.010     10.0         1     0.1       10   0.50        52
53 0.001      0.1        10     0.1       10   0.50        53
54 0.010      0.1        10     0.1       10   0.50        54
55 0.001     10.0        10     0.1       10   0.50        55
56 0.010     10.0        10     0.1       10   0.50        56
57 0.001      0.1         1    10.0       10   0.50        57
58 0.010      0.1         1    10.0       10   0.50        58
59 0.001     10.0         1    10.0       10   0.50        59
60 0.010     10.0         1    10.0       10   0.50        60
61 0.001      0.1        10    10.0       10   0.50        61
62 0.010      0.1        10    10.0       10   0.50        62
63 0.001     10.0        10    10.0       10   0.50        63
64 0.010     10.0        10    10.0       10   0.50        64
65 0.001      0.1         1     0.1        1   0.75        65
66 0.010      0.1         1     0.1        1   0.75        66
67 0.001     10.0         1     0.1        1   0.75        67
68 0.010     10.0         1     0.1        1   0.75        68
69 0.001      0.1        10     0.1        1   0.75        69
70 0.010      0.1        10     0.1        1   0.75        70
71 0.001     10.0        10     0.1        1   0.75        71
72 0.010     10.0        10     0.1        1   0.75        72
73 0.001      0.1         1    10.0        1   0.75        73
74 0.010      0.1         1    10.0        1   0.75        74
75 0.001     10.0         1    10.0        1   0.75        75
76 0.010     10.0         1    10.0        1   0.75        76
77 0.001      0.1        10    10.0        1   0.75        77
78 0.010      0.1        10    10.0        1   0.75        78
79 0.001     10.0        10    10.0        1   0.75        79
80 0.010     10.0        10    10.0        1   0.75        80
81 0.001      0.1         1     0.1       10   0.75        81
82 0.010      0.1         1     0.1       10   0.75        82
83 0.001     10.0         1     0.1       10   0.75        83
84 0.010     10.0         1     0.1       10   0.75        84
85 0.001      0.1        10     0.1       10   0.75        85
86 0.010      0.1        10     0.1       10   0.75        86
87 0.001     10.0        10     0.1       10   0.75        87
88 0.010     10.0        10     0.1       10   0.75        88
89 0.001      0.1         1    10.0       10   0.75        89
90 0.010      0.1         1    10.0       10   0.75        90
91 0.001     10.0         1    10.0       10   0.75        91
92 0.010     10.0         1    10.0       10   0.75        92
93 0.001      0.1        10    10.0       10   0.75        93
94 0.010      0.1        10    10.0       10   0.75        94
95 0.001     10.0        10    10.0       10   0.75        95
96 0.010     10.0        10    10.0       10   0.75        96
                                                                                           tag
1  cfg001_r10_delta_1em03_muGamma_1em01_varGamma_1e00_muBeta_1em01_varBeta_1e00_sigma0_2p5em01
2  cfg002_r10_delta_1em02_muGamma_1em01_varGamma_1e00_muBeta_1em01_varBeta_1e00_sigma0_2p5em01
3   cfg003_r10_delta_1em03_muGamma_1e01_varGamma_1e00_muBeta_1em01_varBeta_1e00_sigma0_2p5em01
4   cfg004_r10_delta_1em02_muGamma_1e01_varGamma_1e00_muBeta_1em01_varBeta_1e00_sigma0_2p5em01
5  cfg005_r10_delta_1em03_muGamma_1em01_varGamma_1e01_muBeta_1em01_varBeta_1e00_sigma0_2p5em01
6  cfg006_r10_delta_1em02_muGamma_1em01_varGamma_1e01_muBeta_1em01_varBeta_1e00_sigma0_2p5em01
7   cfg007_r10_delta_1em03_muGamma_1e01_varGamma_1e01_muBeta_1em01_varBeta_1e00_sigma0_2p5em01
8   cfg008_r10_delta_1em02_muGamma_1e01_varGamma_1e01_muBeta_1em01_varBeta_1e00_sigma0_2p5em01
9   cfg009_r10_delta_1em03_muGamma_1em01_varGamma_1e00_muBeta_1e01_varBeta_1e00_sigma0_2p5em01
10  cfg010_r10_delta_1em02_muGamma_1em01_varGamma_1e00_muBeta_1e01_varBeta_1e00_sigma0_2p5em01
11   cfg011_r10_delta_1em03_muGamma_1e01_varGamma_1e00_muBeta_1e01_varBeta_1e00_sigma0_2p5em01
12   cfg012_r10_delta_1em02_muGamma_1e01_varGamma_1e00_muBeta_1e01_varBeta_1e00_sigma0_2p5em01
13  cfg013_r10_delta_1em03_muGamma_1em01_varGamma_1e01_muBeta_1e01_varBeta_1e00_sigma0_2p5em01
14  cfg014_r10_delta_1em02_muGamma_1em01_varGamma_1e01_muBeta_1e01_varBeta_1e00_sigma0_2p5em01
15   cfg015_r10_delta_1em03_muGamma_1e01_varGamma_1e01_muBeta_1e01_varBeta_1e00_sigma0_2p5em01
16   cfg016_r10_delta_1em02_muGamma_1e01_varGamma_1e01_muBeta_1e01_varBeta_1e00_sigma0_2p5em01
17 cfg017_r10_delta_1em03_muGamma_1em01_varGamma_1e00_muBeta_1em01_varBeta_1e01_sigma0_2p5em01
18 cfg018_r10_delta_1em02_muGamma_1em01_varGamma_1e00_muBeta_1em01_varBeta_1e01_sigma0_2p5em01
19  cfg019_r10_delta_1em03_muGamma_1e01_varGamma_1e00_muBeta_1em01_varBeta_1e01_sigma0_2p5em01
20  cfg020_r10_delta_1em02_muGamma_1e01_varGamma_1e00_muBeta_1em01_varBeta_1e01_sigma0_2p5em01
21 cfg021_r10_delta_1em03_muGamma_1em01_varGamma_1e01_muBeta_1em01_varBeta_1e01_sigma0_2p5em01
22 cfg022_r10_delta_1em02_muGamma_1em01_varGamma_1e01_muBeta_1em01_varBeta_1e01_sigma0_2p5em01
23  cfg023_r10_delta_1em03_muGamma_1e01_varGamma_1e01_muBeta_1em01_varBeta_1e01_sigma0_2p5em01
24  cfg024_r10_delta_1em02_muGamma_1e01_varGamma_1e01_muBeta_1em01_varBeta_1e01_sigma0_2p5em01
25  cfg025_r10_delta_1em03_muGamma_1em01_varGamma_1e00_muBeta_1e01_varBeta_1e01_sigma0_2p5em01
26  cfg026_r10_delta_1em02_muGamma_1em01_varGamma_1e00_muBeta_1e01_varBeta_1e01_sigma0_2p5em01
27   cfg027_r10_delta_1em03_muGamma_1e01_varGamma_1e00_muBeta_1e01_varBeta_1e01_sigma0_2p5em01
28   cfg028_r10_delta_1em02_muGamma_1e01_varGamma_1e00_muBeta_1e01_varBeta_1e01_sigma0_2p5em01
29  cfg029_r10_delta_1em03_muGamma_1em01_varGamma_1e01_muBeta_1e01_varBeta_1e01_sigma0_2p5em01
30  cfg030_r10_delta_1em02_muGamma_1em01_varGamma_1e01_muBeta_1e01_varBeta_1e01_sigma0_2p5em01
31   cfg031_r10_delta_1em03_muGamma_1e01_varGamma_1e01_muBeta_1e01_varBeta_1e01_sigma0_2p5em01
32   cfg032_r10_delta_1em02_muGamma_1e01_varGamma_1e01_muBeta_1e01_varBeta_1e01_sigma0_2p5em01
33   cfg033_r10_delta_1em03_muGamma_1em01_varGamma_1e00_muBeta_1em01_varBeta_1e00_sigma0_5em01
34   cfg034_r10_delta_1em02_muGamma_1em01_varGamma_1e00_muBeta_1em01_varBeta_1e00_sigma0_5em01
35    cfg035_r10_delta_1em03_muGamma_1e01_varGamma_1e00_muBeta_1em01_varBeta_1e00_sigma0_5em01
36    cfg036_r10_delta_1em02_muGamma_1e01_varGamma_1e00_muBeta_1em01_varBeta_1e00_sigma0_5em01
37   cfg037_r10_delta_1em03_muGamma_1em01_varGamma_1e01_muBeta_1em01_varBeta_1e00_sigma0_5em01
38   cfg038_r10_delta_1em02_muGamma_1em01_varGamma_1e01_muBeta_1em01_varBeta_1e00_sigma0_5em01
39    cfg039_r10_delta_1em03_muGamma_1e01_varGamma_1e01_muBeta_1em01_varBeta_1e00_sigma0_5em01
40    cfg040_r10_delta_1em02_muGamma_1e01_varGamma_1e01_muBeta_1em01_varBeta_1e00_sigma0_5em01
41    cfg041_r10_delta_1em03_muGamma_1em01_varGamma_1e00_muBeta_1e01_varBeta_1e00_sigma0_5em01
42    cfg042_r10_delta_1em02_muGamma_1em01_varGamma_1e00_muBeta_1e01_varBeta_1e00_sigma0_5em01
43     cfg043_r10_delta_1em03_muGamma_1e01_varGamma_1e00_muBeta_1e01_varBeta_1e00_sigma0_5em01
44     cfg044_r10_delta_1em02_muGamma_1e01_varGamma_1e00_muBeta_1e01_varBeta_1e00_sigma0_5em01
45    cfg045_r10_delta_1em03_muGamma_1em01_varGamma_1e01_muBeta_1e01_varBeta_1e00_sigma0_5em01
46    cfg046_r10_delta_1em02_muGamma_1em01_varGamma_1e01_muBeta_1e01_varBeta_1e00_sigma0_5em01
47     cfg047_r10_delta_1em03_muGamma_1e01_varGamma_1e01_muBeta_1e01_varBeta_1e00_sigma0_5em01
48     cfg048_r10_delta_1em02_muGamma_1e01_varGamma_1e01_muBeta_1e01_varBeta_1e00_sigma0_5em01
49   cfg049_r10_delta_1em03_muGamma_1em01_varGamma_1e00_muBeta_1em01_varBeta_1e01_sigma0_5em01
50   cfg050_r10_delta_1em02_muGamma_1em01_varGamma_1e00_muBeta_1em01_varBeta_1e01_sigma0_5em01
51    cfg051_r10_delta_1em03_muGamma_1e01_varGamma_1e00_muBeta_1em01_varBeta_1e01_sigma0_5em01
52    cfg052_r10_delta_1em02_muGamma_1e01_varGamma_1e00_muBeta_1em01_varBeta_1e01_sigma0_5em01
53   cfg053_r10_delta_1em03_muGamma_1em01_varGamma_1e01_muBeta_1em01_varBeta_1e01_sigma0_5em01
54   cfg054_r10_delta_1em02_muGamma_1em01_varGamma_1e01_muBeta_1em01_varBeta_1e01_sigma0_5em01
55    cfg055_r10_delta_1em03_muGamma_1e01_varGamma_1e01_muBeta_1em01_varBeta_1e01_sigma0_5em01
56    cfg056_r10_delta_1em02_muGamma_1e01_varGamma_1e01_muBeta_1em01_varBeta_1e01_sigma0_5em01
57    cfg057_r10_delta_1em03_muGamma_1em01_varGamma_1e00_muBeta_1e01_varBeta_1e01_sigma0_5em01
58    cfg058_r10_delta_1em02_muGamma_1em01_varGamma_1e00_muBeta_1e01_varBeta_1e01_sigma0_5em01
59     cfg059_r10_delta_1em03_muGamma_1e01_varGamma_1e00_muBeta_1e01_varBeta_1e01_sigma0_5em01
60     cfg060_r10_delta_1em02_muGamma_1e01_varGamma_1e00_muBeta_1e01_varBeta_1e01_sigma0_5em01
61    cfg061_r10_delta_1em03_muGamma_1em01_varGamma_1e01_muBeta_1e01_varBeta_1e01_sigma0_5em01
62    cfg062_r10_delta_1em02_muGamma_1em01_varGamma_1e01_muBeta_1e01_varBeta_1e01_sigma0_5em01
63     cfg063_r10_delta_1em03_muGamma_1e01_varGamma_1e01_muBeta_1e01_varBeta_1e01_sigma0_5em01
64     cfg064_r10_delta_1em02_muGamma_1e01_varGamma_1e01_muBeta_1e01_varBeta_1e01_sigma0_5em01
65 cfg065_r10_delta_1em03_muGamma_1em01_varGamma_1e00_muBeta_1em01_varBeta_1e00_sigma0_7p5em01
66 cfg066_r10_delta_1em02_muGamma_1em01_varGamma_1e00_muBeta_1em01_varBeta_1e00_sigma0_7p5em01
67  cfg067_r10_delta_1em03_muGamma_1e01_varGamma_1e00_muBeta_1em01_varBeta_1e00_sigma0_7p5em01
68  cfg068_r10_delta_1em02_muGamma_1e01_varGamma_1e00_muBeta_1em01_varBeta_1e00_sigma0_7p5em01
69 cfg069_r10_delta_1em03_muGamma_1em01_varGamma_1e01_muBeta_1em01_varBeta_1e00_sigma0_7p5em01
70 cfg070_r10_delta_1em02_muGamma_1em01_varGamma_1e01_muBeta_1em01_varBeta_1e00_sigma0_7p5em01
71  cfg071_r10_delta_1em03_muGamma_1e01_varGamma_1e01_muBeta_1em01_varBeta_1e00_sigma0_7p5em01
72  cfg072_r10_delta_1em02_muGamma_1e01_varGamma_1e01_muBeta_1em01_varBeta_1e00_sigma0_7p5em01
73  cfg073_r10_delta_1em03_muGamma_1em01_varGamma_1e00_muBeta_1e01_varBeta_1e00_sigma0_7p5em01
74  cfg074_r10_delta_1em02_muGamma_1em01_varGamma_1e00_muBeta_1e01_varBeta_1e00_sigma0_7p5em01
75   cfg075_r10_delta_1em03_muGamma_1e01_varGamma_1e00_muBeta_1e01_varBeta_1e00_sigma0_7p5em01
76   cfg076_r10_delta_1em02_muGamma_1e01_varGamma_1e00_muBeta_1e01_varBeta_1e00_sigma0_7p5em01
77  cfg077_r10_delta_1em03_muGamma_1em01_varGamma_1e01_muBeta_1e01_varBeta_1e00_sigma0_7p5em01
78  cfg078_r10_delta_1em02_muGamma_1em01_varGamma_1e01_muBeta_1e01_varBeta_1e00_sigma0_7p5em01
79   cfg079_r10_delta_1em03_muGamma_1e01_varGamma_1e01_muBeta_1e01_varBeta_1e00_sigma0_7p5em01
80   cfg080_r10_delta_1em02_muGamma_1e01_varGamma_1e01_muBeta_1e01_varBeta_1e00_sigma0_7p5em01
81 cfg081_r10_delta_1em03_muGamma_1em01_varGamma_1e00_muBeta_1em01_varBeta_1e01_sigma0_7p5em01
82 cfg082_r10_delta_1em02_muGamma_1em01_varGamma_1e00_muBeta_1em01_varBeta_1e01_sigma0_7p5em01
83  cfg083_r10_delta_1em03_muGamma_1e01_varGamma_1e00_muBeta_1em01_varBeta_1e01_sigma0_7p5em01
84  cfg084_r10_delta_1em02_muGamma_1e01_varGamma_1e00_muBeta_1em01_varBeta_1e01_sigma0_7p5em01
85 cfg085_r10_delta_1em03_muGamma_1em01_varGamma_1e01_muBeta_1em01_varBeta_1e01_sigma0_7p5em01
86 cfg086_r10_delta_1em02_muGamma_1em01_varGamma_1e01_muBeta_1em01_varBeta_1e01_sigma0_7p5em01
87  cfg087_r10_delta_1em03_muGamma_1e01_varGamma_1e01_muBeta_1em01_varBeta_1e01_sigma0_7p5em01
88  cfg088_r10_delta_1em02_muGamma_1e01_varGamma_1e01_muBeta_1em01_varBeta_1e01_sigma0_7p5em01
89  cfg089_r10_delta_1em03_muGamma_1em01_varGamma_1e00_muBeta_1e01_varBeta_1e01_sigma0_7p5em01
90  cfg090_r10_delta_1em02_muGamma_1em01_varGamma_1e00_muBeta_1e01_varBeta_1e01_sigma0_7p5em01
91   cfg091_r10_delta_1em03_muGamma_1e01_varGamma_1e00_muBeta_1e01_varBeta_1e01_sigma0_7p5em01
92   cfg092_r10_delta_1em02_muGamma_1e01_varGamma_1e00_muBeta_1e01_varBeta_1e01_sigma0_7p5em01
93  cfg093_r10_delta_1em03_muGamma_1em01_varGamma_1e01_muBeta_1e01_varBeta_1e01_sigma0_7p5em01
94  cfg094_r10_delta_1em02_muGamma_1em01_varGamma_1e01_muBeta_1e01_varBeta_1e01_sigma0_7p5em01
95   cfg095_r10_delta_1em03_muGamma_1e01_varGamma_1e01_muBeta_1e01_varBeta_1e01_sigma0_7p5em01
96   cfg096_r10_delta_1em02_muGamma_1e01_varGamma_1e01_muBeta_1e01_varBeta_1e01_sigma0_7p5em01
                                                                                                                                                                    pdf_file
1  /home/colombi/DynamicFeatureAllocation/Scripts/SpeechDataset/img/parallel/cfg001_r10_delta_1em03_muGamma_1em01_varGamma_1e00_muBeta_1em01_varBeta_1e00_sigma0_2p5em01.pdf
2  /home/colombi/DynamicFeatureAllocation/Scripts/SpeechDataset/img/parallel/cfg002_r10_delta_1em02_muGamma_1em01_varGamma_1e00_muBeta_1em01_varBeta_1e00_sigma0_2p5em01.pdf
3   /home/colombi/DynamicFeatureAllocation/Scripts/SpeechDataset/img/parallel/cfg003_r10_delta_1em03_muGamma_1e01_varGamma_1e00_muBeta_1em01_varBeta_1e00_sigma0_2p5em01.pdf
4   /home/colombi/DynamicFeatureAllocation/Scripts/SpeechDataset/img/parallel/cfg004_r10_delta_1em02_muGamma_1e01_varGamma_1e00_muBeta_1em01_varBeta_1e00_sigma0_2p5em01.pdf
5  /home/colombi/DynamicFeatureAllocation/Scripts/SpeechDataset/img/parallel/cfg005_r10_delta_1em03_muGamma_1em01_varGamma_1e01_muBeta_1em01_varBeta_1e00_sigma0_2p5em01.pdf
6  /home/colombi/DynamicFeatureAllocation/Scripts/SpeechDataset/img/parallel/cfg006_r10_delta_1em02_muGamma_1em01_varGamma_1e01_muBeta_1em01_varBeta_1e00_sigma0_2p5em01.pdf
7   /home/colombi/DynamicFeatureAllocation/Scripts/SpeechDataset/img/parallel/cfg007_r10_delta_1em03_muGamma_1e01_varGamma_1e01_muBeta_1em01_varBeta_1e00_sigma0_2p5em01.pdf
8   /home/colombi/DynamicFeatureAllocation/Scripts/SpeechDataset/img/parallel/cfg008_r10_delta_1em02_muGamma_1e01_varGamma_1e01_muBeta_1em01_varBeta_1e00_sigma0_2p5em01.pdf
9   /home/colombi/DynamicFeatureAllocation/Scripts/SpeechDataset/img/parallel/cfg009_r10_delta_1em03_muGamma_1em01_varGamma_1e00_muBeta_1e01_varBeta_1e00_sigma0_2p5em01.pdf
10  /home/colombi/DynamicFeatureAllocation/Scripts/SpeechDataset/img/parallel/cfg010_r10_delta_1em02_muGamma_1em01_varGamma_1e00_muBeta_1e01_varBeta_1e00_sigma0_2p5em01.pdf
11   /home/colombi/DynamicFeatureAllocation/Scripts/SpeechDataset/img/parallel/cfg011_r10_delta_1em03_muGamma_1e01_varGamma_1e00_muBeta_1e01_varBeta_1e00_sigma0_2p5em01.pdf
12   /home/colombi/DynamicFeatureAllocation/Scripts/SpeechDataset/img/parallel/cfg012_r10_delta_1em02_muGamma_1e01_varGamma_1e00_muBeta_1e01_varBeta_1e00_sigma0_2p5em01.pdf
13  /home/colombi/DynamicFeatureAllocation/Scripts/SpeechDataset/img/parallel/cfg013_r10_delta_1em03_muGamma_1em01_varGamma_1e01_muBeta_1e01_varBeta_1e00_sigma0_2p5em01.pdf
14  /home/colombi/DynamicFeatureAllocation/Scripts/SpeechDataset/img/parallel/cfg014_r10_delta_1em02_muGamma_1em01_varGamma_1e01_muBeta_1e01_varBeta_1e00_sigma0_2p5em01.pdf
15   /home/colombi/DynamicFeatureAllocation/Scripts/SpeechDataset/img/parallel/cfg015_r10_delta_1em03_muGamma_1e01_varGamma_1e01_muBeta_1e01_varBeta_1e00_sigma0_2p5em01.pdf
16   /home/colombi/DynamicFeatureAllocation/Scripts/SpeechDataset/img/parallel/cfg016_r10_delta_1em02_muGamma_1e01_varGamma_1e01_muBeta_1e01_varBeta_1e00_sigma0_2p5em01.pdf
17 /home/colombi/DynamicFeatureAllocation/Scripts/SpeechDataset/img/parallel/cfg017_r10_delta_1em03_muGamma_1em01_varGamma_1e00_muBeta_1em01_varBeta_1e01_sigma0_2p5em01.pdf
18 /home/colombi/DynamicFeatureAllocation/Scripts/SpeechDataset/img/parallel/cfg018_r10_delta_1em02_muGamma_1em01_varGamma_1e00_muBeta_1em01_varBeta_1e01_sigma0_2p5em01.pdf
19  /home/colombi/DynamicFeatureAllocation/Scripts/SpeechDataset/img/parallel/cfg019_r10_delta_1em03_muGamma_1e01_varGamma_1e00_muBeta_1em01_varBeta_1e01_sigma0_2p5em01.pdf
20  /home/colombi/DynamicFeatureAllocation/Scripts/SpeechDataset/img/parallel/cfg020_r10_delta_1em02_muGamma_1e01_varGamma_1e00_muBeta_1em01_varBeta_1e01_sigma0_2p5em01.pdf
21 /home/colombi/DynamicFeatureAllocation/Scripts/SpeechDataset/img/parallel/cfg021_r10_delta_1em03_muGamma_1em01_varGamma_1e01_muBeta_1em01_varBeta_1e01_sigma0_2p5em01.pdf
22 /home/colombi/DynamicFeatureAllocation/Scripts/SpeechDataset/img/parallel/cfg022_r10_delta_1em02_muGamma_1em01_varGamma_1e01_muBeta_1em01_varBeta_1e01_sigma0_2p5em01.pdf
23  /home/colombi/DynamicFeatureAllocation/Scripts/SpeechDataset/img/parallel/cfg023_r10_delta_1em03_muGamma_1e01_varGamma_1e01_muBeta_1em01_varBeta_1e01_sigma0_2p5em01.pdf
24  /home/colombi/DynamicFeatureAllocation/Scripts/SpeechDataset/img/parallel/cfg024_r10_delta_1em02_muGamma_1e01_varGamma_1e01_muBeta_1em01_varBeta_1e01_sigma0_2p5em01.pdf
25  /home/colombi/DynamicFeatureAllocation/Scripts/SpeechDataset/img/parallel/cfg025_r10_delta_1em03_muGamma_1em01_varGamma_1e00_muBeta_1e01_varBeta_1e01_sigma0_2p5em01.pdf
26  /home/colombi/DynamicFeatureAllocation/Scripts/SpeechDataset/img/parallel/cfg026_r10_delta_1em02_muGamma_1em01_varGamma_1e00_muBeta_1e01_varBeta_1e01_sigma0_2p5em01.pdf
27   /home/colombi/DynamicFeatureAllocation/Scripts/SpeechDataset/img/parallel/cfg027_r10_delta_1em03_muGamma_1e01_varGamma_1e00_muBeta_1e01_varBeta_1e01_sigma0_2p5em01.pdf
28   /home/colombi/DynamicFeatureAllocation/Scripts/SpeechDataset/img/parallel/cfg028_r10_delta_1em02_muGamma_1e01_varGamma_1e00_muBeta_1e01_varBeta_1e01_sigma0_2p5em01.pdf
29  /home/colombi/DynamicFeatureAllocation/Scripts/SpeechDataset/img/parallel/cfg029_r10_delta_1em03_muGamma_1em01_varGamma_1e01_muBeta_1e01_varBeta_1e01_sigma0_2p5em01.pdf
30  /home/colombi/DynamicFeatureAllocation/Scripts/SpeechDataset/img/parallel/cfg030_r10_delta_1em02_muGamma_1em01_varGamma_1e01_muBeta_1e01_varBeta_1e01_sigma0_2p5em01.pdf
31   /home/colombi/DynamicFeatureAllocation/Scripts/SpeechDataset/img/parallel/cfg031_r10_delta_1em03_muGamma_1e01_varGamma_1e01_muBeta_1e01_varBeta_1e01_sigma0_2p5em01.pdf
32   /home/colombi/DynamicFeatureAllocation/Scripts/SpeechDataset/img/parallel/cfg032_r10_delta_1em02_muGamma_1e01_varGamma_1e01_muBeta_1e01_varBeta_1e01_sigma0_2p5em01.pdf
33   /home/colombi/DynamicFeatureAllocation/Scripts/SpeechDataset/img/parallel/cfg033_r10_delta_1em03_muGamma_1em01_varGamma_1e00_muBeta_1em01_varBeta_1e00_sigma0_5em01.pdf
34   /home/colombi/DynamicFeatureAllocation/Scripts/SpeechDataset/img/parallel/cfg034_r10_delta_1em02_muGamma_1em01_varGamma_1e00_muBeta_1em01_varBeta_1e00_sigma0_5em01.pdf
35    /home/colombi/DynamicFeatureAllocation/Scripts/SpeechDataset/img/parallel/cfg035_r10_delta_1em03_muGamma_1e01_varGamma_1e00_muBeta_1em01_varBeta_1e00_sigma0_5em01.pdf
36    /home/colombi/DynamicFeatureAllocation/Scripts/SpeechDataset/img/parallel/cfg036_r10_delta_1em02_muGamma_1e01_varGamma_1e00_muBeta_1em01_varBeta_1e00_sigma0_5em01.pdf
37   /home/colombi/DynamicFeatureAllocation/Scripts/SpeechDataset/img/parallel/cfg037_r10_delta_1em03_muGamma_1em01_varGamma_1e01_muBeta_1em01_varBeta_1e00_sigma0_5em01.pdf
38   /home/colombi/DynamicFeatureAllocation/Scripts/SpeechDataset/img/parallel/cfg038_r10_delta_1em02_muGamma_1em01_varGamma_1e01_muBeta_1em01_varBeta_1e00_sigma0_5em01.pdf
39    /home/colombi/DynamicFeatureAllocation/Scripts/SpeechDataset/img/parallel/cfg039_r10_delta_1em03_muGamma_1e01_varGamma_1e01_muBeta_1em01_varBeta_1e00_sigma0_5em01.pdf
40    /home/colombi/DynamicFeatureAllocation/Scripts/SpeechDataset/img/parallel/cfg040_r10_delta_1em02_muGamma_1e01_varGamma_1e01_muBeta_1em01_varBeta_1e00_sigma0_5em01.pdf
41    /home/colombi/DynamicFeatureAllocation/Scripts/SpeechDataset/img/parallel/cfg041_r10_delta_1em03_muGamma_1em01_varGamma_1e00_muBeta_1e01_varBeta_1e00_sigma0_5em01.pdf
42    /home/colombi/DynamicFeatureAllocation/Scripts/SpeechDataset/img/parallel/cfg042_r10_delta_1em02_muGamma_1em01_varGamma_1e00_muBeta_1e01_varBeta_1e00_sigma0_5em01.pdf
43     /home/colombi/DynamicFeatureAllocation/Scripts/SpeechDataset/img/parallel/cfg043_r10_delta_1em03_muGamma_1e01_varGamma_1e00_muBeta_1e01_varBeta_1e00_sigma0_5em01.pdf
44     /home/colombi/DynamicFeatureAllocation/Scripts/SpeechDataset/img/parallel/cfg044_r10_delta_1em02_muGamma_1e01_varGamma_1e00_muBeta_1e01_varBeta_1e00_sigma0_5em01.pdf
45    /home/colombi/DynamicFeatureAllocation/Scripts/SpeechDataset/img/parallel/cfg045_r10_delta_1em03_muGamma_1em01_varGamma_1e01_muBeta_1e01_varBeta_1e00_sigma0_5em01.pdf
46    /home/colombi/DynamicFeatureAllocation/Scripts/SpeechDataset/img/parallel/cfg046_r10_delta_1em02_muGamma_1em01_varGamma_1e01_muBeta_1e01_varBeta_1e00_sigma0_5em01.pdf
47     /home/colombi/DynamicFeatureAllocation/Scripts/SpeechDataset/img/parallel/cfg047_r10_delta_1em03_muGamma_1e01_varGamma_1e01_muBeta_1e01_varBeta_1e00_sigma0_5em01.pdf
48     /home/colombi/DynamicFeatureAllocation/Scripts/SpeechDataset/img/parallel/cfg048_r10_delta_1em02_muGamma_1e01_varGamma_1e01_muBeta_1e01_varBeta_1e00_sigma0_5em01.pdf
49   /home/colombi/DynamicFeatureAllocation/Scripts/SpeechDataset/img/parallel/cfg049_r10_delta_1em03_muGamma_1em01_varGamma_1e00_muBeta_1em01_varBeta_1e01_sigma0_5em01.pdf
50   /home/colombi/DynamicFeatureAllocation/Scripts/SpeechDataset/img/parallel/cfg050_r10_delta_1em02_muGamma_1em01_varGamma_1e00_muBeta_1em01_varBeta_1e01_sigma0_5em01.pdf
51    /home/colombi/DynamicFeatureAllocation/Scripts/SpeechDataset/img/parallel/cfg051_r10_delta_1em03_muGamma_1e01_varGamma_1e00_muBeta_1em01_varBeta_1e01_sigma0_5em01.pdf
52    /home/colombi/DynamicFeatureAllocation/Scripts/SpeechDataset/img/parallel/cfg052_r10_delta_1em02_muGamma_1e01_varGamma_1e00_muBeta_1em01_varBeta_1e01_sigma0_5em01.pdf
53   /home/colombi/DynamicFeatureAllocation/Scripts/SpeechDataset/img/parallel/cfg053_r10_delta_1em03_muGamma_1em01_varGamma_1e01_muBeta_1em01_varBeta_1e01_sigma0_5em01.pdf
54   /home/colombi/DynamicFeatureAllocation/Scripts/SpeechDataset/img/parallel/cfg054_r10_delta_1em02_muGamma_1em01_varGamma_1e01_muBeta_1em01_varBeta_1e01_sigma0_5em01.pdf
55    /home/colombi/DynamicFeatureAllocation/Scripts/SpeechDataset/img/parallel/cfg055_r10_delta_1em03_muGamma_1e01_varGamma_1e01_muBeta_1em01_varBeta_1e01_sigma0_5em01.pdf
56    /home/colombi/DynamicFeatureAllocation/Scripts/SpeechDataset/img/parallel/cfg056_r10_delta_1em02_muGamma_1e01_varGamma_1e01_muBeta_1em01_varBeta_1e01_sigma0_5em01.pdf
57    /home/colombi/DynamicFeatureAllocation/Scripts/SpeechDataset/img/parallel/cfg057_r10_delta_1em03_muGamma_1em01_varGamma_1e00_muBeta_1e01_varBeta_1e01_sigma0_5em01.pdf
58    /home/colombi/DynamicFeatureAllocation/Scripts/SpeechDataset/img/parallel/cfg058_r10_delta_1em02_muGamma_1em01_varGamma_1e00_muBeta_1e01_varBeta_1e01_sigma0_5em01.pdf
59     /home/colombi/DynamicFeatureAllocation/Scripts/SpeechDataset/img/parallel/cfg059_r10_delta_1em03_muGamma_1e01_varGamma_1e00_muBeta_1e01_varBeta_1e01_sigma0_5em01.pdf
60     /home/colombi/DynamicFeatureAllocation/Scripts/SpeechDataset/img/parallel/cfg060_r10_delta_1em02_muGamma_1e01_varGamma_1e00_muBeta_1e01_varBeta_1e01_sigma0_5em01.pdf
61    /home/colombi/DynamicFeatureAllocation/Scripts/SpeechDataset/img/parallel/cfg061_r10_delta_1em03_muGamma_1em01_varGamma_1e01_muBeta_1e01_varBeta_1e01_sigma0_5em01.pdf
62    /home/colombi/DynamicFeatureAllocation/Scripts/SpeechDataset/img/parallel/cfg062_r10_delta_1em02_muGamma_1em01_varGamma_1e01_muBeta_1e01_varBeta_1e01_sigma0_5em01.pdf
63     /home/colombi/DynamicFeatureAllocation/Scripts/SpeechDataset/img/parallel/cfg063_r10_delta_1em03_muGamma_1e01_varGamma_1e01_muBeta_1e01_varBeta_1e01_sigma0_5em01.pdf
64     /home/colombi/DynamicFeatureAllocation/Scripts/SpeechDataset/img/parallel/cfg064_r10_delta_1em02_muGamma_1e01_varGamma_1e01_muBeta_1e01_varBeta_1e01_sigma0_5em01.pdf
65 /home/colombi/DynamicFeatureAllocation/Scripts/SpeechDataset/img/parallel/cfg065_r10_delta_1em03_muGamma_1em01_varGamma_1e00_muBeta_1em01_varBeta_1e00_sigma0_7p5em01.pdf
66 /home/colombi/DynamicFeatureAllocation/Scripts/SpeechDataset/img/parallel/cfg066_r10_delta_1em02_muGamma_1em01_varGamma_1e00_muBeta_1em01_varBeta_1e00_sigma0_7p5em01.pdf
67  /home/colombi/DynamicFeatureAllocation/Scripts/SpeechDataset/img/parallel/cfg067_r10_delta_1em03_muGamma_1e01_varGamma_1e00_muBeta_1em01_varBeta_1e00_sigma0_7p5em01.pdf
68  /home/colombi/DynamicFeatureAllocation/Scripts/SpeechDataset/img/parallel/cfg068_r10_delta_1em02_muGamma_1e01_varGamma_1e00_muBeta_1em01_varBeta_1e00_sigma0_7p5em01.pdf
69 /home/colombi/DynamicFeatureAllocation/Scripts/SpeechDataset/img/parallel/cfg069_r10_delta_1em03_muGamma_1em01_varGamma_1e01_muBeta_1em01_varBeta_1e00_sigma0_7p5em01.pdf
70 /home/colombi/DynamicFeatureAllocation/Scripts/SpeechDataset/img/parallel/cfg070_r10_delta_1em02_muGamma_1em01_varGamma_1e01_muBeta_1em01_varBeta_1e00_sigma0_7p5em01.pdf
71  /home/colombi/DynamicFeatureAllocation/Scripts/SpeechDataset/img/parallel/cfg071_r10_delta_1em03_muGamma_1e01_varGamma_1e01_muBeta_1em01_varBeta_1e00_sigma0_7p5em01.pdf
72  /home/colombi/DynamicFeatureAllocation/Scripts/SpeechDataset/img/parallel/cfg072_r10_delta_1em02_muGamma_1e01_varGamma_1e01_muBeta_1em01_varBeta_1e00_sigma0_7p5em01.pdf
73  /home/colombi/DynamicFeatureAllocation/Scripts/SpeechDataset/img/parallel/cfg073_r10_delta_1em03_muGamma_1em01_varGamma_1e00_muBeta_1e01_varBeta_1e00_sigma0_7p5em01.pdf
74  /home/colombi/DynamicFeatureAllocation/Scripts/SpeechDataset/img/parallel/cfg074_r10_delta_1em02_muGamma_1em01_varGamma_1e00_muBeta_1e01_varBeta_1e00_sigma0_7p5em01.pdf
75   /home/colombi/DynamicFeatureAllocation/Scripts/SpeechDataset/img/parallel/cfg075_r10_delta_1em03_muGamma_1e01_varGamma_1e00_muBeta_1e01_varBeta_1e00_sigma0_7p5em01.pdf
76   /home/colombi/DynamicFeatureAllocation/Scripts/SpeechDataset/img/parallel/cfg076_r10_delta_1em02_muGamma_1e01_varGamma_1e00_muBeta_1e01_varBeta_1e00_sigma0_7p5em01.pdf
77  /home/colombi/DynamicFeatureAllocation/Scripts/SpeechDataset/img/parallel/cfg077_r10_delta_1em03_muGamma_1em01_varGamma_1e01_muBeta_1e01_varBeta_1e00_sigma0_7p5em01.pdf
78  /home/colombi/DynamicFeatureAllocation/Scripts/SpeechDataset/img/parallel/cfg078_r10_delta_1em02_muGamma_1em01_varGamma_1e01_muBeta_1e01_varBeta_1e00_sigma0_7p5em01.pdf
79   /home/colombi/DynamicFeatureAllocation/Scripts/SpeechDataset/img/parallel/cfg079_r10_delta_1em03_muGamma_1e01_varGamma_1e01_muBeta_1e01_varBeta_1e00_sigma0_7p5em01.pdf
80   /home/colombi/DynamicFeatureAllocation/Scripts/SpeechDataset/img/parallel/cfg080_r10_delta_1em02_muGamma_1e01_varGamma_1e01_muBeta_1e01_varBeta_1e00_sigma0_7p5em01.pdf
81 /home/colombi/DynamicFeatureAllocation/Scripts/SpeechDataset/img/parallel/cfg081_r10_delta_1em03_muGamma_1em01_varGamma_1e00_muBeta_1em01_varBeta_1e01_sigma0_7p5em01.pdf
82 /home/colombi/DynamicFeatureAllocation/Scripts/SpeechDataset/img/parallel/cfg082_r10_delta_1em02_muGamma_1em01_varGamma_1e00_muBeta_1em01_varBeta_1e01_sigma0_7p5em01.pdf
83  /home/colombi/DynamicFeatureAllocation/Scripts/SpeechDataset/img/parallel/cfg083_r10_delta_1em03_muGamma_1e01_varGamma_1e00_muBeta_1em01_varBeta_1e01_sigma0_7p5em01.pdf
84  /home/colombi/DynamicFeatureAllocation/Scripts/SpeechDataset/img/parallel/cfg084_r10_delta_1em02_muGamma_1e01_varGamma_1e00_muBeta_1em01_varBeta_1e01_sigma0_7p5em01.pdf
85 /home/colombi/DynamicFeatureAllocation/Scripts/SpeechDataset/img/parallel/cfg085_r10_delta_1em03_muGamma_1em01_varGamma_1e01_muBeta_1em01_varBeta_1e01_sigma0_7p5em01.pdf
86 /home/colombi/DynamicFeatureAllocation/Scripts/SpeechDataset/img/parallel/cfg086_r10_delta_1em02_muGamma_1em01_varGamma_1e01_muBeta_1em01_varBeta_1e01_sigma0_7p5em01.pdf
87  /home/colombi/DynamicFeatureAllocation/Scripts/SpeechDataset/img/parallel/cfg087_r10_delta_1em03_muGamma_1e01_varGamma_1e01_muBeta_1em01_varBeta_1e01_sigma0_7p5em01.pdf
88  /home/colombi/DynamicFeatureAllocation/Scripts/SpeechDataset/img/parallel/cfg088_r10_delta_1em02_muGamma_1e01_varGamma_1e01_muBeta_1em01_varBeta_1e01_sigma0_7p5em01.pdf
89  /home/colombi/DynamicFeatureAllocation/Scripts/SpeechDataset/img/parallel/cfg089_r10_delta_1em03_muGamma_1em01_varGamma_1e00_muBeta_1e01_varBeta_1e01_sigma0_7p5em01.pdf
90  /home/colombi/DynamicFeatureAllocation/Scripts/SpeechDataset/img/parallel/cfg090_r10_delta_1em02_muGamma_1em01_varGamma_1e00_muBeta_1e01_varBeta_1e01_sigma0_7p5em01.pdf
91   /home/colombi/DynamicFeatureAllocation/Scripts/SpeechDataset/img/parallel/cfg091_r10_delta_1em03_muGamma_1e01_varGamma_1e00_muBeta_1e01_varBeta_1e01_sigma0_7p5em01.pdf
92   /home/colombi/DynamicFeatureAllocation/Scripts/SpeechDataset/img/parallel/cfg092_r10_delta_1em02_muGamma_1e01_varGamma_1e00_muBeta_1e01_varBeta_1e01_sigma0_7p5em01.pdf
93  /home/colombi/DynamicFeatureAllocation/Scripts/SpeechDataset/img/parallel/cfg093_r10_delta_1em03_muGamma_1em01_varGamma_1e01_muBeta_1e01_varBeta_1e01_sigma0_7p5em01.pdf
94  /home/colombi/DynamicFeatureAllocation/Scripts/SpeechDataset/img/parallel/cfg094_r10_delta_1em02_muGamma_1em01_varGamma_1e01_muBeta_1e01_varBeta_1e01_sigma0_7p5em01.pdf
95   /home/colombi/DynamicFeatureAllocation/Scripts/SpeechDataset/img/parallel/cfg095_r10_delta_1em03_muGamma_1e01_varGamma_1e01_muBeta_1e01_varBeta_1e01_sigma0_7p5em01.pdf
96   /home/colombi/DynamicFeatureAllocation/Scripts/SpeechDataset/img/parallel/cfg096_r10_delta_1em02_muGamma_1e01_varGamma_1e01_muBeta_1e01_varBeta_1e01_sigma0_7p5em01.pdf
                                                                                                                                                                        log_file
1  /home/colombi/DynamicFeatureAllocation/Scripts/SpeechDataset/img/parallel/log/cfg001_r10_delta_1em03_muGamma_1em01_varGamma_1e00_muBeta_1em01_varBeta_1e00_sigma0_2p5em01.log
2  /home/colombi/DynamicFeatureAllocation/Scripts/SpeechDataset/img/parallel/log/cfg002_r10_delta_1em02_muGamma_1em01_varGamma_1e00_muBeta_1em01_varBeta_1e00_sigma0_2p5em01.log
3   /home/colombi/DynamicFeatureAllocation/Scripts/SpeechDataset/img/parallel/log/cfg003_r10_delta_1em03_muGamma_1e01_varGamma_1e00_muBeta_1em01_varBeta_1e00_sigma0_2p5em01.log
4   /home/colombi/DynamicFeatureAllocation/Scripts/SpeechDataset/img/parallel/log/cfg004_r10_delta_1em02_muGamma_1e01_varGamma_1e00_muBeta_1em01_varBeta_1e00_sigma0_2p5em01.log
5  /home/colombi/DynamicFeatureAllocation/Scripts/SpeechDataset/img/parallel/log/cfg005_r10_delta_1em03_muGamma_1em01_varGamma_1e01_muBeta_1em01_varBeta_1e00_sigma0_2p5em01.log
6  /home/colombi/DynamicFeatureAllocation/Scripts/SpeechDataset/img/parallel/log/cfg006_r10_delta_1em02_muGamma_1em01_varGamma_1e01_muBeta_1em01_varBeta_1e00_sigma0_2p5em01.log
7   /home/colombi/DynamicFeatureAllocation/Scripts/SpeechDataset/img/parallel/log/cfg007_r10_delta_1em03_muGamma_1e01_varGamma_1e01_muBeta_1em01_varBeta_1e00_sigma0_2p5em01.log
8   /home/colombi/DynamicFeatureAllocation/Scripts/SpeechDataset/img/parallel/log/cfg008_r10_delta_1em02_muGamma_1e01_varGamma_1e01_muBeta_1em01_varBeta_1e00_sigma0_2p5em01.log
9   /home/colombi/DynamicFeatureAllocation/Scripts/SpeechDataset/img/parallel/log/cfg009_r10_delta_1em03_muGamma_1em01_varGamma_1e00_muBeta_1e01_varBeta_1e00_sigma0_2p5em01.log
10  /home/colombi/DynamicFeatureAllocation/Scripts/SpeechDataset/img/parallel/log/cfg010_r10_delta_1em02_muGamma_1em01_varGamma_1e00_muBeta_1e01_varBeta_1e00_sigma0_2p5em01.log
11   /home/colombi/DynamicFeatureAllocation/Scripts/SpeechDataset/img/parallel/log/cfg011_r10_delta_1em03_muGamma_1e01_varGamma_1e00_muBeta_1e01_varBeta_1e00_sigma0_2p5em01.log
12   /home/colombi/DynamicFeatureAllocation/Scripts/SpeechDataset/img/parallel/log/cfg012_r10_delta_1em02_muGamma_1e01_varGamma_1e00_muBeta_1e01_varBeta_1e00_sigma0_2p5em01.log
13  /home/colombi/DynamicFeatureAllocation/Scripts/SpeechDataset/img/parallel/log/cfg013_r10_delta_1em03_muGamma_1em01_varGamma_1e01_muBeta_1e01_varBeta_1e00_sigma0_2p5em01.log
14  /home/colombi/DynamicFeatureAllocation/Scripts/SpeechDataset/img/parallel/log/cfg014_r10_delta_1em02_muGamma_1em01_varGamma_1e01_muBeta_1e01_varBeta_1e00_sigma0_2p5em01.log
15   /home/colombi/DynamicFeatureAllocation/Scripts/SpeechDataset/img/parallel/log/cfg015_r10_delta_1em03_muGamma_1e01_varGamma_1e01_muBeta_1e01_varBeta_1e00_sigma0_2p5em01.log
16   /home/colombi/DynamicFeatureAllocation/Scripts/SpeechDataset/img/parallel/log/cfg016_r10_delta_1em02_muGamma_1e01_varGamma_1e01_muBeta_1e01_varBeta_1e00_sigma0_2p5em01.log
17 /home/colombi/DynamicFeatureAllocation/Scripts/SpeechDataset/img/parallel/log/cfg017_r10_delta_1em03_muGamma_1em01_varGamma_1e00_muBeta_1em01_varBeta_1e01_sigma0_2p5em01.log
18 /home/colombi/DynamicFeatureAllocation/Scripts/SpeechDataset/img/parallel/log/cfg018_r10_delta_1em02_muGamma_1em01_varGamma_1e00_muBeta_1em01_varBeta_1e01_sigma0_2p5em01.log
19  /home/colombi/DynamicFeatureAllocation/Scripts/SpeechDataset/img/parallel/log/cfg019_r10_delta_1em03_muGamma_1e01_varGamma_1e00_muBeta_1em01_varBeta_1e01_sigma0_2p5em01.log
20  /home/colombi/DynamicFeatureAllocation/Scripts/SpeechDataset/img/parallel/log/cfg020_r10_delta_1em02_muGamma_1e01_varGamma_1e00_muBeta_1em01_varBeta_1e01_sigma0_2p5em01.log
21 /home/colombi/DynamicFeatureAllocation/Scripts/SpeechDataset/img/parallel/log/cfg021_r10_delta_1em03_muGamma_1em01_varGamma_1e01_muBeta_1em01_varBeta_1e01_sigma0_2p5em01.log
22 /home/colombi/DynamicFeatureAllocation/Scripts/SpeechDataset/img/parallel/log/cfg022_r10_delta_1em02_muGamma_1em01_varGamma_1e01_muBeta_1em01_varBeta_1e01_sigma0_2p5em01.log
23  /home/colombi/DynamicFeatureAllocation/Scripts/SpeechDataset/img/parallel/log/cfg023_r10_delta_1em03_muGamma_1e01_varGamma_1e01_muBeta_1em01_varBeta_1e01_sigma0_2p5em01.log
24  /home/colombi/DynamicFeatureAllocation/Scripts/SpeechDataset/img/parallel/log/cfg024_r10_delta_1em02_muGamma_1e01_varGamma_1e01_muBeta_1em01_varBeta_1e01_sigma0_2p5em01.log
25  /home/colombi/DynamicFeatureAllocation/Scripts/SpeechDataset/img/parallel/log/cfg025_r10_delta_1em03_muGamma_1em01_varGamma_1e00_muBeta_1e01_varBeta_1e01_sigma0_2p5em01.log
26  /home/colombi/DynamicFeatureAllocation/Scripts/SpeechDataset/img/parallel/log/cfg026_r10_delta_1em02_muGamma_1em01_varGamma_1e00_muBeta_1e01_varBeta_1e01_sigma0_2p5em01.log
27   /home/colombi/DynamicFeatureAllocation/Scripts/SpeechDataset/img/parallel/log/cfg027_r10_delta_1em03_muGamma_1e01_varGamma_1e00_muBeta_1e01_varBeta_1e01_sigma0_2p5em01.log
28   /home/colombi/DynamicFeatureAllocation/Scripts/SpeechDataset/img/parallel/log/cfg028_r10_delta_1em02_muGamma_1e01_varGamma_1e00_muBeta_1e01_varBeta_1e01_sigma0_2p5em01.log
29  /home/colombi/DynamicFeatureAllocation/Scripts/SpeechDataset/img/parallel/log/cfg029_r10_delta_1em03_muGamma_1em01_varGamma_1e01_muBeta_1e01_varBeta_1e01_sigma0_2p5em01.log
30  /home/colombi/DynamicFeatureAllocation/Scripts/SpeechDataset/img/parallel/log/cfg030_r10_delta_1em02_muGamma_1em01_varGamma_1e01_muBeta_1e01_varBeta_1e01_sigma0_2p5em01.log
31   /home/colombi/DynamicFeatureAllocation/Scripts/SpeechDataset/img/parallel/log/cfg031_r10_delta_1em03_muGamma_1e01_varGamma_1e01_muBeta_1e01_varBeta_1e01_sigma0_2p5em01.log
32   /home/colombi/DynamicFeatureAllocation/Scripts/SpeechDataset/img/parallel/log/cfg032_r10_delta_1em02_muGamma_1e01_varGamma_1e01_muBeta_1e01_varBeta_1e01_sigma0_2p5em01.log
33   /home/colombi/DynamicFeatureAllocation/Scripts/SpeechDataset/img/parallel/log/cfg033_r10_delta_1em03_muGamma_1em01_varGamma_1e00_muBeta_1em01_varBeta_1e00_sigma0_5em01.log
34   /home/colombi/DynamicFeatureAllocation/Scripts/SpeechDataset/img/parallel/log/cfg034_r10_delta_1em02_muGamma_1em01_varGamma_1e00_muBeta_1em01_varBeta_1e00_sigma0_5em01.log
35    /home/colombi/DynamicFeatureAllocation/Scripts/SpeechDataset/img/parallel/log/cfg035_r10_delta_1em03_muGamma_1e01_varGamma_1e00_muBeta_1em01_varBeta_1e00_sigma0_5em01.log
36    /home/colombi/DynamicFeatureAllocation/Scripts/SpeechDataset/img/parallel/log/cfg036_r10_delta_1em02_muGamma_1e01_varGamma_1e00_muBeta_1em01_varBeta_1e00_sigma0_5em01.log
37   /home/colombi/DynamicFeatureAllocation/Scripts/SpeechDataset/img/parallel/log/cfg037_r10_delta_1em03_muGamma_1em01_varGamma_1e01_muBeta_1em01_varBeta_1e00_sigma0_5em01.log
38   /home/colombi/DynamicFeatureAllocation/Scripts/SpeechDataset/img/parallel/log/cfg038_r10_delta_1em02_muGamma_1em01_varGamma_1e01_muBeta_1em01_varBeta_1e00_sigma0_5em01.log
39    /home/colombi/DynamicFeatureAllocation/Scripts/SpeechDataset/img/parallel/log/cfg039_r10_delta_1em03_muGamma_1e01_varGamma_1e01_muBeta_1em01_varBeta_1e00_sigma0_5em01.log
40    /home/colombi/DynamicFeatureAllocation/Scripts/SpeechDataset/img/parallel/log/cfg040_r10_delta_1em02_muGamma_1e01_varGamma_1e01_muBeta_1em01_varBeta_1e00_sigma0_5em01.log
41    /home/colombi/DynamicFeatureAllocation/Scripts/SpeechDataset/img/parallel/log/cfg041_r10_delta_1em03_muGamma_1em01_varGamma_1e00_muBeta_1e01_varBeta_1e00_sigma0_5em01.log
42    /home/colombi/DynamicFeatureAllocation/Scripts/SpeechDataset/img/parallel/log/cfg042_r10_delta_1em02_muGamma_1em01_varGamma_1e00_muBeta_1e01_varBeta_1e00_sigma0_5em01.log
43     /home/colombi/DynamicFeatureAllocation/Scripts/SpeechDataset/img/parallel/log/cfg043_r10_delta_1em03_muGamma_1e01_varGamma_1e00_muBeta_1e01_varBeta_1e00_sigma0_5em01.log
44     /home/colombi/DynamicFeatureAllocation/Scripts/SpeechDataset/img/parallel/log/cfg044_r10_delta_1em02_muGamma_1e01_varGamma_1e00_muBeta_1e01_varBeta_1e00_sigma0_5em01.log
45    /home/colombi/DynamicFeatureAllocation/Scripts/SpeechDataset/img/parallel/log/cfg045_r10_delta_1em03_muGamma_1em01_varGamma_1e01_muBeta_1e01_varBeta_1e00_sigma0_5em01.log
46    /home/colombi/DynamicFeatureAllocation/Scripts/SpeechDataset/img/parallel/log/cfg046_r10_delta_1em02_muGamma_1em01_varGamma_1e01_muBeta_1e01_varBeta_1e00_sigma0_5em01.log
47     /home/colombi/DynamicFeatureAllocation/Scripts/SpeechDataset/img/parallel/log/cfg047_r10_delta_1em03_muGamma_1e01_varGamma_1e01_muBeta_1e01_varBeta_1e00_sigma0_5em01.log
48     /home/colombi/DynamicFeatureAllocation/Scripts/SpeechDataset/img/parallel/log/cfg048_r10_delta_1em02_muGamma_1e01_varGamma_1e01_muBeta_1e01_varBeta_1e00_sigma0_5em01.log
49   /home/colombi/DynamicFeatureAllocation/Scripts/SpeechDataset/img/parallel/log/cfg049_r10_delta_1em03_muGamma_1em01_varGamma_1e00_muBeta_1em01_varBeta_1e01_sigma0_5em01.log
50   /home/colombi/DynamicFeatureAllocation/Scripts/SpeechDataset/img/parallel/log/cfg050_r10_delta_1em02_muGamma_1em01_varGamma_1e00_muBeta_1em01_varBeta_1e01_sigma0_5em01.log
51    /home/colombi/DynamicFeatureAllocation/Scripts/SpeechDataset/img/parallel/log/cfg051_r10_delta_1em03_muGamma_1e01_varGamma_1e00_muBeta_1em01_varBeta_1e01_sigma0_5em01.log
52    /home/colombi/DynamicFeatureAllocation/Scripts/SpeechDataset/img/parallel/log/cfg052_r10_delta_1em02_muGamma_1e01_varGamma_1e00_muBeta_1em01_varBeta_1e01_sigma0_5em01.log
53   /home/colombi/DynamicFeatureAllocation/Scripts/SpeechDataset/img/parallel/log/cfg053_r10_delta_1em03_muGamma_1em01_varGamma_1e01_muBeta_1em01_varBeta_1e01_sigma0_5em01.log
54   /home/colombi/DynamicFeatureAllocation/Scripts/SpeechDataset/img/parallel/log/cfg054_r10_delta_1em02_muGamma_1em01_varGamma_1e01_muBeta_1em01_varBeta_1e01_sigma0_5em01.log
55    /home/colombi/DynamicFeatureAllocation/Scripts/SpeechDataset/img/parallel/log/cfg055_r10_delta_1em03_muGamma_1e01_varGamma_1e01_muBeta_1em01_varBeta_1e01_sigma0_5em01.log
56    /home/colombi/DynamicFeatureAllocation/Scripts/SpeechDataset/img/parallel/log/cfg056_r10_delta_1em02_muGamma_1e01_varGamma_1e01_muBeta_1em01_varBeta_1e01_sigma0_5em01.log
57    /home/colombi/DynamicFeatureAllocation/Scripts/SpeechDataset/img/parallel/log/cfg057_r10_delta_1em03_muGamma_1em01_varGamma_1e00_muBeta_1e01_varBeta_1e01_sigma0_5em01.log
58    /home/colombi/DynamicFeatureAllocation/Scripts/SpeechDataset/img/parallel/log/cfg058_r10_delta_1em02_muGamma_1em01_varGamma_1e00_muBeta_1e01_varBeta_1e01_sigma0_5em01.log
59     /home/colombi/DynamicFeatureAllocation/Scripts/SpeechDataset/img/parallel/log/cfg059_r10_delta_1em03_muGamma_1e01_varGamma_1e00_muBeta_1e01_varBeta_1e01_sigma0_5em01.log
60     /home/colombi/DynamicFeatureAllocation/Scripts/SpeechDataset/img/parallel/log/cfg060_r10_delta_1em02_muGamma_1e01_varGamma_1e00_muBeta_1e01_varBeta_1e01_sigma0_5em01.log
61    /home/colombi/DynamicFeatureAllocation/Scripts/SpeechDataset/img/parallel/log/cfg061_r10_delta_1em03_muGamma_1em01_varGamma_1e01_muBeta_1e01_varBeta_1e01_sigma0_5em01.log
62    /home/colombi/DynamicFeatureAllocation/Scripts/SpeechDataset/img/parallel/log/cfg062_r10_delta_1em02_muGamma_1em01_varGamma_1e01_muBeta_1e01_varBeta_1e01_sigma0_5em01.log
63     /home/colombi/DynamicFeatureAllocation/Scripts/SpeechDataset/img/parallel/log/cfg063_r10_delta_1em03_muGamma_1e01_varGamma_1e01_muBeta_1e01_varBeta_1e01_sigma0_5em01.log
64     /home/colombi/DynamicFeatureAllocation/Scripts/SpeechDataset/img/parallel/log/cfg064_r10_delta_1em02_muGamma_1e01_varGamma_1e01_muBeta_1e01_varBeta_1e01_sigma0_5em01.log
65 /home/colombi/DynamicFeatureAllocation/Scripts/SpeechDataset/img/parallel/log/cfg065_r10_delta_1em03_muGamma_1em01_varGamma_1e00_muBeta_1em01_varBeta_1e00_sigma0_7p5em01.log
66 /home/colombi/DynamicFeatureAllocation/Scripts/SpeechDataset/img/parallel/log/cfg066_r10_delta_1em02_muGamma_1em01_varGamma_1e00_muBeta_1em01_varBeta_1e00_sigma0_7p5em01.log
67  /home/colombi/DynamicFeatureAllocation/Scripts/SpeechDataset/img/parallel/log/cfg067_r10_delta_1em03_muGamma_1e01_varGamma_1e00_muBeta_1em01_varBeta_1e00_sigma0_7p5em01.log
68  /home/colombi/DynamicFeatureAllocation/Scripts/SpeechDataset/img/parallel/log/cfg068_r10_delta_1em02_muGamma_1e01_varGamma_1e00_muBeta_1em01_varBeta_1e00_sigma0_7p5em01.log
69 /home/colombi/DynamicFeatureAllocation/Scripts/SpeechDataset/img/parallel/log/cfg069_r10_delta_1em03_muGamma_1em01_varGamma_1e01_muBeta_1em01_varBeta_1e00_sigma0_7p5em01.log
70 /home/colombi/DynamicFeatureAllocation/Scripts/SpeechDataset/img/parallel/log/cfg070_r10_delta_1em02_muGamma_1em01_varGamma_1e01_muBeta_1em01_varBeta_1e00_sigma0_7p5em01.log
71  /home/colombi/DynamicFeatureAllocation/Scripts/SpeechDataset/img/parallel/log/cfg071_r10_delta_1em03_muGamma_1e01_varGamma_1e01_muBeta_1em01_varBeta_1e00_sigma0_7p5em01.log
72  /home/colombi/DynamicFeatureAllocation/Scripts/SpeechDataset/img/parallel/log/cfg072_r10_delta_1em02_muGamma_1e01_varGamma_1e01_muBeta_1em01_varBeta_1e00_sigma0_7p5em01.log
73  /home/colombi/DynamicFeatureAllocation/Scripts/SpeechDataset/img/parallel/log/cfg073_r10_delta_1em03_muGamma_1em01_varGamma_1e00_muBeta_1e01_varBeta_1e00_sigma0_7p5em01.log
74  /home/colombi/DynamicFeatureAllocation/Scripts/SpeechDataset/img/parallel/log/cfg074_r10_delta_1em02_muGamma_1em01_varGamma_1e00_muBeta_1e01_varBeta_1e00_sigma0_7p5em01.log
75   /home/colombi/DynamicFeatureAllocation/Scripts/SpeechDataset/img/parallel/log/cfg075_r10_delta_1em03_muGamma_1e01_varGamma_1e00_muBeta_1e01_varBeta_1e00_sigma0_7p5em01.log
76   /home/colombi/DynamicFeatureAllocation/Scripts/SpeechDataset/img/parallel/log/cfg076_r10_delta_1em02_muGamma_1e01_varGamma_1e00_muBeta_1e01_varBeta_1e00_sigma0_7p5em01.log
77  /home/colombi/DynamicFeatureAllocation/Scripts/SpeechDataset/img/parallel/log/cfg077_r10_delta_1em03_muGamma_1em01_varGamma_1e01_muBeta_1e01_varBeta_1e00_sigma0_7p5em01.log
78  /home/colombi/DynamicFeatureAllocation/Scripts/SpeechDataset/img/parallel/log/cfg078_r10_delta_1em02_muGamma_1em01_varGamma_1e01_muBeta_1e01_varBeta_1e00_sigma0_7p5em01.log
79   /home/colombi/DynamicFeatureAllocation/Scripts/SpeechDataset/img/parallel/log/cfg079_r10_delta_1em03_muGamma_1e01_varGamma_1e01_muBeta_1e01_varBeta_1e00_sigma0_7p5em01.log
80   /home/colombi/DynamicFeatureAllocation/Scripts/SpeechDataset/img/parallel/log/cfg080_r10_delta_1em02_muGamma_1e01_varGamma_1e01_muBeta_1e01_varBeta_1e00_sigma0_7p5em01.log
81 /home/colombi/DynamicFeatureAllocation/Scripts/SpeechDataset/img/parallel/log/cfg081_r10_delta_1em03_muGamma_1em01_varGamma_1e00_muBeta_1em01_varBeta_1e01_sigma0_7p5em01.log
82 /home/colombi/DynamicFeatureAllocation/Scripts/SpeechDataset/img/parallel/log/cfg082_r10_delta_1em02_muGamma_1em01_varGamma_1e00_muBeta_1em01_varBeta_1e01_sigma0_7p5em01.log
83  /home/colombi/DynamicFeatureAllocation/Scripts/SpeechDataset/img/parallel/log/cfg083_r10_delta_1em03_muGamma_1e01_varGamma_1e00_muBeta_1em01_varBeta_1e01_sigma0_7p5em01.log
84  /home/colombi/DynamicFeatureAllocation/Scripts/SpeechDataset/img/parallel/log/cfg084_r10_delta_1em02_muGamma_1e01_varGamma_1e00_muBeta_1em01_varBeta_1e01_sigma0_7p5em01.log
85 /home/colombi/DynamicFeatureAllocation/Scripts/SpeechDataset/img/parallel/log/cfg085_r10_delta_1em03_muGamma_1em01_varGamma_1e01_muBeta_1em01_varBeta_1e01_sigma0_7p5em01.log
86 /home/colombi/DynamicFeatureAllocation/Scripts/SpeechDataset/img/parallel/log/cfg086_r10_delta_1em02_muGamma_1em01_varGamma_1e01_muBeta_1em01_varBeta_1e01_sigma0_7p5em01.log
87  /home/colombi/DynamicFeatureAllocation/Scripts/SpeechDataset/img/parallel/log/cfg087_r10_delta_1em03_muGamma_1e01_varGamma_1e01_muBeta_1em01_varBeta_1e01_sigma0_7p5em01.log
88  /home/colombi/DynamicFeatureAllocation/Scripts/SpeechDataset/img/parallel/log/cfg088_r10_delta_1em02_muGamma_1e01_varGamma_1e01_muBeta_1em01_varBeta_1e01_sigma0_7p5em01.log
89  /home/colombi/DynamicFeatureAllocation/Scripts/SpeechDataset/img/parallel/log/cfg089_r10_delta_1em03_muGamma_1em01_varGamma_1e00_muBeta_1e01_varBeta_1e01_sigma0_7p5em01.log
90  /home/colombi/DynamicFeatureAllocation/Scripts/SpeechDataset/img/parallel/log/cfg090_r10_delta_1em02_muGamma_1em01_varGamma_1e00_muBeta_1e01_varBeta_1e01_sigma0_7p5em01.log
91   /home/colombi/DynamicFeatureAllocation/Scripts/SpeechDataset/img/parallel/log/cfg091_r10_delta_1em03_muGamma_1e01_varGamma_1e00_muBeta_1e01_varBeta_1e01_sigma0_7p5em01.log
92   /home/colombi/DynamicFeatureAllocation/Scripts/SpeechDataset/img/parallel/log/cfg092_r10_delta_1em02_muGamma_1e01_varGamma_1e00_muBeta_1e01_varBeta_1e01_sigma0_7p5em01.log
93  /home/colombi/DynamicFeatureAllocation/Scripts/SpeechDataset/img/parallel/log/cfg093_r10_delta_1em03_muGamma_1em01_varGamma_1e01_muBeta_1e01_varBeta_1e01_sigma0_7p5em01.log
94  /home/colombi/DynamicFeatureAllocation/Scripts/SpeechDataset/img/parallel/log/cfg094_r10_delta_1em02_muGamma_1em01_varGamma_1e01_muBeta_1e01_varBeta_1e01_sigma0_7p5em01.log
95   /home/colombi/DynamicFeatureAllocation/Scripts/SpeechDataset/img/parallel/log/cfg095_r10_delta_1em03_muGamma_1e01_varGamma_1e01_muBeta_1e01_varBeta_1e01_sigma0_7p5em01.log
96   /home/colombi/DynamicFeatureAllocation/Scripts/SpeechDataset/img/parallel/log/cfg096_r10_delta_1em02_muGamma_1e01_varGamma_1e01_muBeta_1e01_varBeta_1e01_sigma0_7p5em01.log
    status error_message
1  success          <NA>
2  success          <NA>
3  success          <NA>
4  success          <NA>
5  success          <NA>
6  success          <NA>
7  success          <NA>
8  success          <NA>
9  success          <NA>
10 success          <NA>
11 success          <NA>
12 success          <NA>
13 success          <NA>
14 success          <NA>
15 success          <NA>
16 success          <NA>
17 success          <NA>
18 success          <NA>
19 success          <NA>
20 success          <NA>
21 success          <NA>
22 success          <NA>
23 success          <NA>
24 success          <NA>
25 success          <NA>
26 success          <NA>
27 success          <NA>
28 success          <NA>
29 success          <NA>
30 success          <NA>
31 success          <NA>
32 success          <NA>
33 success          <NA>
34 success          <NA>
35 success          <NA>
36 success          <NA>
37 success          <NA>
38 success          <NA>
39 success          <NA>
40 success          <NA>
41 success          <NA>
42 success          <NA>
43 success          <NA>
44 success          <NA>
45 success          <NA>
46 success          <NA>
47 success          <NA>
48 success          <NA>
49 success          <NA>
50 success          <NA>
51 success          <NA>
52 success          <NA>
53 success          <NA>
54 success          <NA>
55 success          <NA>
56 success          <NA>
57 success          <NA>
58 success          <NA>
59 success          <NA>
60 success          <NA>
61 success          <NA>
62 success          <NA>
63 success          <NA>
64 success          <NA>
65 success          <NA>
66 success          <NA>
67 success          <NA>
68 success          <NA>
69 success          <NA>
70 success          <NA>
71 success          <NA>
72 success          <NA>
73 success          <NA>
74 success          <NA>
75 success          <NA>
76 success          <NA>
77 success          <NA>
78 success          <NA>
79 success          <NA>
80 success          <NA>
81 success          <NA>
82 success          <NA>
83 success          <NA>
84 success          <NA>
85 success          <NA>
86 success          <NA>
87 success          <NA>
88 success          <NA>
89 success          <NA>
90 success          <NA>
91 success          <NA>
92 success          <NA>
93 success          <NA>
94 success          <NA>
95 success          <NA>
96 success          <NA>
[2026-04-24 17:40:56] FINISH Scripts/SpeechDataset/SpeechDataset_parallel.R (exit=0)
