[2026-04-27 11:29:25] START Scripts/SpeechDataset/SpeechDataset_parallel.R
Registered S3 methods overwritten by 'RcppGSL':
  method               from     
  predict.fastLm       RcppEigen
  print.fastLm         RcppEigen
  summary.fastLm       RcppEigen
  print.summary.fastLm RcppEigen
 [1] "1789-Washington" "1793-Washington" "1797-Adams"      "1801-Jefferson" 
 [5] "1805-Jefferson"  "1809-Madison"    "1813-Madison"    "1817-Monroe"    
 [9] "1821-Monroe"     "1825-Adams"      "1829-Jackson"    "1833-Jackson"   
[13] "1837-VanBuren"   "1841-Harrison"   "1845-Polk"       "1849-Taylor"    
[17] "1853-Pierce"     "1857-Buchanan"   "1861-Lincoln"    "1865-Lincoln"   
[21] "1869-Grant"      "1873-Grant"      "1877-Hayes"      "1881-Garfield"  
[25] "1885-Cleveland"  "1889-Harrison"   "1893-Cleveland"  "1897-McKinley"  
[29] "1901-McKinley"   "1905-Roosevelt"  "1909-Taft"       "1913-Wilson"    
[33] "1917-Wilson"     "1921-Harding"    "1925-Coolidge"   "1929-Hoover"    
[37] "1933-Roosevelt"  "1937-Roosevelt"  "1941-Roosevelt"  "1945-Roosevelt" 
[41] "1949-Truman"     "1953-Eisenhower" "1957-Eisenhower" "1961-Kennedy"   
[45] "1965-Johnson"    "1969-Nixon"      "1973-Nixon"      "1977-Carter"    
[49] "1981-Reagan"     "1985-Reagan"     "1989-Bush"       "1993-Clinton"   
[53] "1997-Clinton"    "2001-Bush"       "2005-Bush"       "2009-Obama"     
[57] "2013-Obama"      "2017-Trump"      "2021-Biden"      "2025-Trump"     

 ---- Number of configurations to run:  36  ---- 
[2026-04-27 11:29:54] START whole script: SpeechDataset_parallel.R
[[1]]
NULL

[[2]]
NULL

[[3]]
NULL

[[4]]
NULL

[[5]]
NULL

[[6]]
NULL

[[7]]
NULL

[[8]]
NULL

[[9]]
NULL

[[10]]
NULL

[[11]]
NULL

[[12]]
NULL

[[13]]
NULL

[[14]]
NULL

[[15]]
NULL

[[16]]
NULL

[[17]]
NULL

[[18]]
NULL

[[19]]
NULL

[[20]]
NULL

[[21]]
NULL

[[22]]
NULL

[[23]]
NULL

[[24]]
NULL

[[25]]
NULL

[[26]]
NULL

[[27]]
NULL

[[28]]
NULL

[[29]]
NULL

[[30]]
NULL

[[31]]
NULL

[[32]]
NULL

[[33]]
NULL

[[34]]
NULL

[[35]]
NULL

[[36]]
NULL

[2026-04-27 12:03:56] END whole script: SpeechDataset_parallel.R
   delta beta0 gamma0 sigma0 config_id
1  1e-04  0.01   0.01    0.1         1
2  1e+00  0.01   0.01    0.1         2
3  1e-04  0.10   0.01    0.1         3
4  1e+00  0.10   0.01    0.1         4
5  1e-04  1.00   0.01    0.1         5
6  1e+00  1.00   0.01    0.1         6
7  1e-04  0.01   0.10    0.1         7
8  1e+00  0.01   0.10    0.1         8
9  1e-04  0.10   0.10    0.1         9
10 1e+00  0.10   0.10    0.1        10
11 1e-04  1.00   0.10    0.1        11
12 1e+00  1.00   0.10    0.1        12
13 1e-04  0.01   0.01    0.5        13
14 1e+00  0.01   0.01    0.5        14
15 1e-04  0.10   0.01    0.5        15
16 1e+00  0.10   0.01    0.5        16
17 1e-04  1.00   0.01    0.5        17
18 1e+00  1.00   0.01    0.5        18
19 1e-04  0.01   0.10    0.5        19
20 1e+00  0.01   0.10    0.5        20
21 1e-04  0.10   0.10    0.5        21
22 1e+00  0.10   0.10    0.5        22
23 1e-04  1.00   0.10    0.5        23
24 1e+00  1.00   0.10    0.5        24
25 1e-04  0.01   0.01    0.9        25
26 1e+00  0.01   0.01    0.9        26
27 1e-04  0.10   0.01    0.9        27
28 1e+00  0.10   0.01    0.9        28
29 1e-04  1.00   0.01    0.9        29
30 1e+00  1.00   0.01    0.9        30
31 1e-04  0.01   0.10    0.9        31
32 1e+00  0.01   0.10    0.9        32
33 1e-04  0.10   0.10    0.9        33
34 1e+00  0.10   0.10    0.9        34
35 1e-04  1.00   0.10    0.9        35
36 1e+00  1.00   0.10    0.9        36
                                                            tag
1  cfg001_r10_delta_1em04_beta0_1em02_gamma0_1em02_sigma0_1em01
2   cfg002_r10_delta_1e00_beta0_1em02_gamma0_1em02_sigma0_1em01
3  cfg003_r10_delta_1em04_beta0_1em01_gamma0_1em02_sigma0_1em01
4   cfg004_r10_delta_1e00_beta0_1em01_gamma0_1em02_sigma0_1em01
5   cfg005_r10_delta_1em04_beta0_1e00_gamma0_1em02_sigma0_1em01
6    cfg006_r10_delta_1e00_beta0_1e00_gamma0_1em02_sigma0_1em01
7  cfg007_r10_delta_1em04_beta0_1em02_gamma0_1em01_sigma0_1em01
8   cfg008_r10_delta_1e00_beta0_1em02_gamma0_1em01_sigma0_1em01
9  cfg009_r10_delta_1em04_beta0_1em01_gamma0_1em01_sigma0_1em01
10  cfg010_r10_delta_1e00_beta0_1em01_gamma0_1em01_sigma0_1em01
11  cfg011_r10_delta_1em04_beta0_1e00_gamma0_1em01_sigma0_1em01
12   cfg012_r10_delta_1e00_beta0_1e00_gamma0_1em01_sigma0_1em01
13 cfg013_r10_delta_1em04_beta0_1em02_gamma0_1em02_sigma0_5em01
14  cfg014_r10_delta_1e00_beta0_1em02_gamma0_1em02_sigma0_5em01
15 cfg015_r10_delta_1em04_beta0_1em01_gamma0_1em02_sigma0_5em01
16  cfg016_r10_delta_1e00_beta0_1em01_gamma0_1em02_sigma0_5em01
17  cfg017_r10_delta_1em04_beta0_1e00_gamma0_1em02_sigma0_5em01
18   cfg018_r10_delta_1e00_beta0_1e00_gamma0_1em02_sigma0_5em01
19 cfg019_r10_delta_1em04_beta0_1em02_gamma0_1em01_sigma0_5em01
20  cfg020_r10_delta_1e00_beta0_1em02_gamma0_1em01_sigma0_5em01
21 cfg021_r10_delta_1em04_beta0_1em01_gamma0_1em01_sigma0_5em01
22  cfg022_r10_delta_1e00_beta0_1em01_gamma0_1em01_sigma0_5em01
23  cfg023_r10_delta_1em04_beta0_1e00_gamma0_1em01_sigma0_5em01
24   cfg024_r10_delta_1e00_beta0_1e00_gamma0_1em01_sigma0_5em01
25 cfg025_r10_delta_1em04_beta0_1em02_gamma0_1em02_sigma0_9em01
26  cfg026_r10_delta_1e00_beta0_1em02_gamma0_1em02_sigma0_9em01
27 cfg027_r10_delta_1em04_beta0_1em01_gamma0_1em02_sigma0_9em01
28  cfg028_r10_delta_1e00_beta0_1em01_gamma0_1em02_sigma0_9em01
29  cfg029_r10_delta_1em04_beta0_1e00_gamma0_1em02_sigma0_9em01
30   cfg030_r10_delta_1e00_beta0_1e00_gamma0_1em02_sigma0_9em01
31 cfg031_r10_delta_1em04_beta0_1em02_gamma0_1em01_sigma0_9em01
32  cfg032_r10_delta_1e00_beta0_1em02_gamma0_1em01_sigma0_9em01
33 cfg033_r10_delta_1em04_beta0_1em01_gamma0_1em01_sigma0_9em01
34  cfg034_r10_delta_1e00_beta0_1em01_gamma0_1em01_sigma0_9em01
35  cfg035_r10_delta_1em04_beta0_1e00_gamma0_1em01_sigma0_9em01
36   cfg036_r10_delta_1e00_beta0_1e00_gamma0_1em01_sigma0_9em01
                                                                                                                                     pdf_file
1  /home/colombi/DynamicFeatureAllocation/Scripts/SpeechDataset/img/parallel/cfg001_r10_delta_1em04_beta0_1em02_gamma0_1em02_sigma0_1em01.pdf
2   /home/colombi/DynamicFeatureAllocation/Scripts/SpeechDataset/img/parallel/cfg002_r10_delta_1e00_beta0_1em02_gamma0_1em02_sigma0_1em01.pdf
3  /home/colombi/DynamicFeatureAllocation/Scripts/SpeechDataset/img/parallel/cfg003_r10_delta_1em04_beta0_1em01_gamma0_1em02_sigma0_1em01.pdf
4   /home/colombi/DynamicFeatureAllocation/Scripts/SpeechDataset/img/parallel/cfg004_r10_delta_1e00_beta0_1em01_gamma0_1em02_sigma0_1em01.pdf
5   /home/colombi/DynamicFeatureAllocation/Scripts/SpeechDataset/img/parallel/cfg005_r10_delta_1em04_beta0_1e00_gamma0_1em02_sigma0_1em01.pdf
6    /home/colombi/DynamicFeatureAllocation/Scripts/SpeechDataset/img/parallel/cfg006_r10_delta_1e00_beta0_1e00_gamma0_1em02_sigma0_1em01.pdf
7  /home/colombi/DynamicFeatureAllocation/Scripts/SpeechDataset/img/parallel/cfg007_r10_delta_1em04_beta0_1em02_gamma0_1em01_sigma0_1em01.pdf
8   /home/colombi/DynamicFeatureAllocation/Scripts/SpeechDataset/img/parallel/cfg008_r10_delta_1e00_beta0_1em02_gamma0_1em01_sigma0_1em01.pdf
9  /home/colombi/DynamicFeatureAllocation/Scripts/SpeechDataset/img/parallel/cfg009_r10_delta_1em04_beta0_1em01_gamma0_1em01_sigma0_1em01.pdf
10  /home/colombi/DynamicFeatureAllocation/Scripts/SpeechDataset/img/parallel/cfg010_r10_delta_1e00_beta0_1em01_gamma0_1em01_sigma0_1em01.pdf
11  /home/colombi/DynamicFeatureAllocation/Scripts/SpeechDataset/img/parallel/cfg011_r10_delta_1em04_beta0_1e00_gamma0_1em01_sigma0_1em01.pdf
12   /home/colombi/DynamicFeatureAllocation/Scripts/SpeechDataset/img/parallel/cfg012_r10_delta_1e00_beta0_1e00_gamma0_1em01_sigma0_1em01.pdf
13 /home/colombi/DynamicFeatureAllocation/Scripts/SpeechDataset/img/parallel/cfg013_r10_delta_1em04_beta0_1em02_gamma0_1em02_sigma0_5em01.pdf
14  /home/colombi/DynamicFeatureAllocation/Scripts/SpeechDataset/img/parallel/cfg014_r10_delta_1e00_beta0_1em02_gamma0_1em02_sigma0_5em01.pdf
15 /home/colombi/DynamicFeatureAllocation/Scripts/SpeechDataset/img/parallel/cfg015_r10_delta_1em04_beta0_1em01_gamma0_1em02_sigma0_5em01.pdf
16  /home/colombi/DynamicFeatureAllocation/Scripts/SpeechDataset/img/parallel/cfg016_r10_delta_1e00_beta0_1em01_gamma0_1em02_sigma0_5em01.pdf
17  /home/colombi/DynamicFeatureAllocation/Scripts/SpeechDataset/img/parallel/cfg017_r10_delta_1em04_beta0_1e00_gamma0_1em02_sigma0_5em01.pdf
18   /home/colombi/DynamicFeatureAllocation/Scripts/SpeechDataset/img/parallel/cfg018_r10_delta_1e00_beta0_1e00_gamma0_1em02_sigma0_5em01.pdf
19 /home/colombi/DynamicFeatureAllocation/Scripts/SpeechDataset/img/parallel/cfg019_r10_delta_1em04_beta0_1em02_gamma0_1em01_sigma0_5em01.pdf
20  /home/colombi/DynamicFeatureAllocation/Scripts/SpeechDataset/img/parallel/cfg020_r10_delta_1e00_beta0_1em02_gamma0_1em01_sigma0_5em01.pdf
21 /home/colombi/DynamicFeatureAllocation/Scripts/SpeechDataset/img/parallel/cfg021_r10_delta_1em04_beta0_1em01_gamma0_1em01_sigma0_5em01.pdf
22  /home/colombi/DynamicFeatureAllocation/Scripts/SpeechDataset/img/parallel/cfg022_r10_delta_1e00_beta0_1em01_gamma0_1em01_sigma0_5em01.pdf
23  /home/colombi/DynamicFeatureAllocation/Scripts/SpeechDataset/img/parallel/cfg023_r10_delta_1em04_beta0_1e00_gamma0_1em01_sigma0_5em01.pdf
24   /home/colombi/DynamicFeatureAllocation/Scripts/SpeechDataset/img/parallel/cfg024_r10_delta_1e00_beta0_1e00_gamma0_1em01_sigma0_5em01.pdf
25 /home/colombi/DynamicFeatureAllocation/Scripts/SpeechDataset/img/parallel/cfg025_r10_delta_1em04_beta0_1em02_gamma0_1em02_sigma0_9em01.pdf
26  /home/colombi/DynamicFeatureAllocation/Scripts/SpeechDataset/img/parallel/cfg026_r10_delta_1e00_beta0_1em02_gamma0_1em02_sigma0_9em01.pdf
27 /home/colombi/DynamicFeatureAllocation/Scripts/SpeechDataset/img/parallel/cfg027_r10_delta_1em04_beta0_1em01_gamma0_1em02_sigma0_9em01.pdf
28  /home/colombi/DynamicFeatureAllocation/Scripts/SpeechDataset/img/parallel/cfg028_r10_delta_1e00_beta0_1em01_gamma0_1em02_sigma0_9em01.pdf
29  /home/colombi/DynamicFeatureAllocation/Scripts/SpeechDataset/img/parallel/cfg029_r10_delta_1em04_beta0_1e00_gamma0_1em02_sigma0_9em01.pdf
30   /home/colombi/DynamicFeatureAllocation/Scripts/SpeechDataset/img/parallel/cfg030_r10_delta_1e00_beta0_1e00_gamma0_1em02_sigma0_9em01.pdf
31 /home/colombi/DynamicFeatureAllocation/Scripts/SpeechDataset/img/parallel/cfg031_r10_delta_1em04_beta0_1em02_gamma0_1em01_sigma0_9em01.pdf
32  /home/colombi/DynamicFeatureAllocation/Scripts/SpeechDataset/img/parallel/cfg032_r10_delta_1e00_beta0_1em02_gamma0_1em01_sigma0_9em01.pdf
33 /home/colombi/DynamicFeatureAllocation/Scripts/SpeechDataset/img/parallel/cfg033_r10_delta_1em04_beta0_1em01_gamma0_1em01_sigma0_9em01.pdf
34  /home/colombi/DynamicFeatureAllocation/Scripts/SpeechDataset/img/parallel/cfg034_r10_delta_1e00_beta0_1em01_gamma0_1em01_sigma0_9em01.pdf
35  /home/colombi/DynamicFeatureAllocation/Scripts/SpeechDataset/img/parallel/cfg035_r10_delta_1em04_beta0_1e00_gamma0_1em01_sigma0_9em01.pdf
36   /home/colombi/DynamicFeatureAllocation/Scripts/SpeechDataset/img/parallel/cfg036_r10_delta_1e00_beta0_1e00_gamma0_1em01_sigma0_9em01.pdf
                                                                                                                                         log_file
1  /home/colombi/DynamicFeatureAllocation/Scripts/SpeechDataset/img/parallel/log/cfg001_r10_delta_1em04_beta0_1em02_gamma0_1em02_sigma0_1em01.log
2   /home/colombi/DynamicFeatureAllocation/Scripts/SpeechDataset/img/parallel/log/cfg002_r10_delta_1e00_beta0_1em02_gamma0_1em02_sigma0_1em01.log
3  /home/colombi/DynamicFeatureAllocation/Scripts/SpeechDataset/img/parallel/log/cfg003_r10_delta_1em04_beta0_1em01_gamma0_1em02_sigma0_1em01.log
4   /home/colombi/DynamicFeatureAllocation/Scripts/SpeechDataset/img/parallel/log/cfg004_r10_delta_1e00_beta0_1em01_gamma0_1em02_sigma0_1em01.log
5   /home/colombi/DynamicFeatureAllocation/Scripts/SpeechDataset/img/parallel/log/cfg005_r10_delta_1em04_beta0_1e00_gamma0_1em02_sigma0_1em01.log
6    /home/colombi/DynamicFeatureAllocation/Scripts/SpeechDataset/img/parallel/log/cfg006_r10_delta_1e00_beta0_1e00_gamma0_1em02_sigma0_1em01.log
7  /home/colombi/DynamicFeatureAllocation/Scripts/SpeechDataset/img/parallel/log/cfg007_r10_delta_1em04_beta0_1em02_gamma0_1em01_sigma0_1em01.log
8   /home/colombi/DynamicFeatureAllocation/Scripts/SpeechDataset/img/parallel/log/cfg008_r10_delta_1e00_beta0_1em02_gamma0_1em01_sigma0_1em01.log
9  /home/colombi/DynamicFeatureAllocation/Scripts/SpeechDataset/img/parallel/log/cfg009_r10_delta_1em04_beta0_1em01_gamma0_1em01_sigma0_1em01.log
10  /home/colombi/DynamicFeatureAllocation/Scripts/SpeechDataset/img/parallel/log/cfg010_r10_delta_1e00_beta0_1em01_gamma0_1em01_sigma0_1em01.log
11  /home/colombi/DynamicFeatureAllocation/Scripts/SpeechDataset/img/parallel/log/cfg011_r10_delta_1em04_beta0_1e00_gamma0_1em01_sigma0_1em01.log
12   /home/colombi/DynamicFeatureAllocation/Scripts/SpeechDataset/img/parallel/log/cfg012_r10_delta_1e00_beta0_1e00_gamma0_1em01_sigma0_1em01.log
13 /home/colombi/DynamicFeatureAllocation/Scripts/SpeechDataset/img/parallel/log/cfg013_r10_delta_1em04_beta0_1em02_gamma0_1em02_sigma0_5em01.log
14  /home/colombi/DynamicFeatureAllocation/Scripts/SpeechDataset/img/parallel/log/cfg014_r10_delta_1e00_beta0_1em02_gamma0_1em02_sigma0_5em01.log
15 /home/colombi/DynamicFeatureAllocation/Scripts/SpeechDataset/img/parallel/log/cfg015_r10_delta_1em04_beta0_1em01_gamma0_1em02_sigma0_5em01.log
16  /home/colombi/DynamicFeatureAllocation/Scripts/SpeechDataset/img/parallel/log/cfg016_r10_delta_1e00_beta0_1em01_gamma0_1em02_sigma0_5em01.log
17  /home/colombi/DynamicFeatureAllocation/Scripts/SpeechDataset/img/parallel/log/cfg017_r10_delta_1em04_beta0_1e00_gamma0_1em02_sigma0_5em01.log
18   /home/colombi/DynamicFeatureAllocation/Scripts/SpeechDataset/img/parallel/log/cfg018_r10_delta_1e00_beta0_1e00_gamma0_1em02_sigma0_5em01.log
19 /home/colombi/DynamicFeatureAllocation/Scripts/SpeechDataset/img/parallel/log/cfg019_r10_delta_1em04_beta0_1em02_gamma0_1em01_sigma0_5em01.log
20  /home/colombi/DynamicFeatureAllocation/Scripts/SpeechDataset/img/parallel/log/cfg020_r10_delta_1e00_beta0_1em02_gamma0_1em01_sigma0_5em01.log
21 /home/colombi/DynamicFeatureAllocation/Scripts/SpeechDataset/img/parallel/log/cfg021_r10_delta_1em04_beta0_1em01_gamma0_1em01_sigma0_5em01.log
22  /home/colombi/DynamicFeatureAllocation/Scripts/SpeechDataset/img/parallel/log/cfg022_r10_delta_1e00_beta0_1em01_gamma0_1em01_sigma0_5em01.log
23  /home/colombi/DynamicFeatureAllocation/Scripts/SpeechDataset/img/parallel/log/cfg023_r10_delta_1em04_beta0_1e00_gamma0_1em01_sigma0_5em01.log
24   /home/colombi/DynamicFeatureAllocation/Scripts/SpeechDataset/img/parallel/log/cfg024_r10_delta_1e00_beta0_1e00_gamma0_1em01_sigma0_5em01.log
25 /home/colombi/DynamicFeatureAllocation/Scripts/SpeechDataset/img/parallel/log/cfg025_r10_delta_1em04_beta0_1em02_gamma0_1em02_sigma0_9em01.log
26  /home/colombi/DynamicFeatureAllocation/Scripts/SpeechDataset/img/parallel/log/cfg026_r10_delta_1e00_beta0_1em02_gamma0_1em02_sigma0_9em01.log
27 /home/colombi/DynamicFeatureAllocation/Scripts/SpeechDataset/img/parallel/log/cfg027_r10_delta_1em04_beta0_1em01_gamma0_1em02_sigma0_9em01.log
28  /home/colombi/DynamicFeatureAllocation/Scripts/SpeechDataset/img/parallel/log/cfg028_r10_delta_1e00_beta0_1em01_gamma0_1em02_sigma0_9em01.log
29  /home/colombi/DynamicFeatureAllocation/Scripts/SpeechDataset/img/parallel/log/cfg029_r10_delta_1em04_beta0_1e00_gamma0_1em02_sigma0_9em01.log
30   /home/colombi/DynamicFeatureAllocation/Scripts/SpeechDataset/img/parallel/log/cfg030_r10_delta_1e00_beta0_1e00_gamma0_1em02_sigma0_9em01.log
31 /home/colombi/DynamicFeatureAllocation/Scripts/SpeechDataset/img/parallel/log/cfg031_r10_delta_1em04_beta0_1em02_gamma0_1em01_sigma0_9em01.log
32  /home/colombi/DynamicFeatureAllocation/Scripts/SpeechDataset/img/parallel/log/cfg032_r10_delta_1e00_beta0_1em02_gamma0_1em01_sigma0_9em01.log
33 /home/colombi/DynamicFeatureAllocation/Scripts/SpeechDataset/img/parallel/log/cfg033_r10_delta_1em04_beta0_1em01_gamma0_1em01_sigma0_9em01.log
34  /home/colombi/DynamicFeatureAllocation/Scripts/SpeechDataset/img/parallel/log/cfg034_r10_delta_1e00_beta0_1em01_gamma0_1em01_sigma0_9em01.log
35  /home/colombi/DynamicFeatureAllocation/Scripts/SpeechDataset/img/parallel/log/cfg035_r10_delta_1em04_beta0_1e00_gamma0_1em01_sigma0_9em01.log
36   /home/colombi/DynamicFeatureAllocation/Scripts/SpeechDataset/img/parallel/log/cfg036_r10_delta_1e00_beta0_1e00_gamma0_1em01_sigma0_9em01.log
    status                                 error_message
1  success                                          <NA>
2  success                                          <NA>
3  success                                          <NA>
4  success                                          <NA>
5  success                                          <NA>
6  success                                          <NA>
7   failed  Error in Lambda: column values must sum to 1
8  success                                          <NA>
9   failed  Error in Lambda: column values must sum to 1
10 success                                          <NA>
11 success                                          <NA>
12 success                                          <NA>
13 success                                          <NA>
14 success                                          <NA>
15 success                                          <NA>
16 success                                          <NA>
17 success                                          <NA>
18 success                                          <NA>
19 success                                          <NA>
20 success                                          <NA>
21 success                                          <NA>
22 success                                          <NA>
23 success                                          <NA>
24 success                                          <NA>
25 success                                          <NA>
26 success                                          <NA>
27  failed Error in Lambda0: column values must sum to 1
28 success                                          <NA>
29 success                                          <NA>
30 success                                          <NA>
31 success                                          <NA>
32 success                                          <NA>
33 success                                          <NA>
34 success                                          <NA>
35 success                                          <NA>
36 success                                          <NA>
[2026-04-27 11:29:25] FINISH Scripts/SpeechDataset/SpeechDataset_parallel.R (exit=0)
